Archive member included to satisfy reference by file (symbol)

D:/STM32/STM32CubeIDE_1.15.1/STM32CubeIDE/plugins/com.st.stm32cube.ide.mcu.externaltools.gnu-tools-for-stm32.12.3.rel1.win32_1.0.100.202403111256/tools/bin/../lib/gcc/arm-none-eabi/12.3.1/../../../../arm-none-eabi/lib/thumb/v7e-m+fp/hard\libc_nano.a(libc_a-exit.o)
                              D:/STM32/STM32CubeIDE_1.15.1/STM32CubeIDE/plugins/com.st.stm32cube.ide.mcu.externaltools.gnu-tools-for-stm32.12.3.rel1.win32_1.0.100.202403111256/tools/bin/../lib/gcc/arm-none-eabi/12.3.1/../../../../arm-none-eabi/lib/thumb/v7e-m+fp/hard/crt0.o (exit)
D:/STM32/STM32CubeIDE_1.15.1/STM32CubeIDE/plugins/com.st.stm32cube.ide.mcu.externaltools.gnu-tools-for-stm32.12.3.rel1.win32_1.0.100.202403111256/tools/bin/../lib/gcc/arm-none-eabi/12.3.1/../../../../arm-none-eabi/lib/thumb/v7e-m+fp/hard\libc_nano.a(libc_a-findfp.o)
                              D:/STM32/STM32CubeIDE_1.15.1/STM32CubeIDE/plugins/com.st.stm32cube.ide.mcu.externaltools.gnu-tools-for-stm32.12.3.rel1.win32_1.0.100.202403111256/tools/bin/../lib/gcc/arm-none-eabi/12.3.1/../../../../arm-none-eabi/lib/thumb/v7e-m+fp/hard\libc_nano.a(libc_a-exit.o) (__stdio_exit_handler)
D:/STM32/STM32CubeIDE_1.15.1/STM32CubeIDE/plugins/com.st.stm32cube.ide.mcu.externaltools.gnu-tools-for-stm32.12.3.rel1.win32_1.0.100.202403111256/tools/bin/../lib/gcc/arm-none-eabi/12.3.1/../../../../arm-none-eabi/lib/thumb/v7e-m+fp/hard\libc_nano.a(libc_a-fwalk.o)
                              D:/STM32/STM32CubeIDE_1.15.1/STM32CubeIDE/plugins/com.st.stm32cube.ide.mcu.externaltools.gnu-tools-for-stm32.12.3.rel1.win32_1.0.100.202403111256/tools/bin/../lib/gcc/arm-none-eabi/12.3.1/../../../../arm-none-eabi/lib/thumb/v7e-m+fp/hard\libc_nano.a(libc_a-findfp.o) (_fwalk_sglue)
D:/STM32/STM32CubeIDE_1.15.1/STM32CubeIDE/plugins/com.st.stm32cube.ide.mcu.externaltools.gnu-tools-for-stm32.12.3.rel1.win32_1.0.100.202403111256/tools/bin/../lib/gcc/arm-none-eabi/12.3.1/../../../../arm-none-eabi/lib/thumb/v7e-m+fp/hard\libc_nano.a(libc_a-stdio.o)
                              D:/STM32/STM32CubeIDE_1.15.1/STM32CubeIDE/plugins/com.st.stm32cube.ide.mcu.externaltools.gnu-tools-for-stm32.12.3.rel1.win32_1.0.100.202403111256/tools/bin/../lib/gcc/arm-none-eabi/12.3.1/../../../../arm-none-eabi/lib/thumb/v7e-m+fp/hard\libc_nano.a(libc_a-findfp.o) (__sread)
D:/STM32/STM32CubeIDE_1.15.1/STM32CubeIDE/plugins/com.st.stm32cube.ide.mcu.externaltools.gnu-tools-for-stm32.12.3.rel1.win32_1.0.100.202403111256/tools/bin/../lib/gcc/arm-none-eabi/12.3.1/../../../../arm-none-eabi/lib/thumb/v7e-m+fp/hard\libc_nano.a(libc_a-memset.o)
                              D:/STM32/STM32CubeIDE_1.15.1/STM32CubeIDE/plugins/com.st.stm32cube.ide.mcu.externaltools.gnu-tools-for-stm32.12.3.rel1.win32_1.0.100.202403111256/tools/bin/../lib/gcc/arm-none-eabi/12.3.1/../../../../arm-none-eabi/lib/thumb/v7e-m+fp/hard/crt0.o (memset)
D:/STM32/STM32CubeIDE_1.15.1/STM32CubeIDE/plugins/com.st.stm32cube.ide.mcu.externaltools.gnu-tools-for-stm32.12.3.rel1.win32_1.0.100.202403111256/tools/bin/../lib/gcc/arm-none-eabi/12.3.1/../../../../arm-none-eabi/lib/thumb/v7e-m+fp/hard\libc_nano.a(libc_a-closer.o)
                              D:/STM32/STM32CubeIDE_1.15.1/STM32CubeIDE/plugins/com.st.stm32cube.ide.mcu.externaltools.gnu-tools-for-stm32.12.3.rel1.win32_1.0.100.202403111256/tools/bin/../lib/gcc/arm-none-eabi/12.3.1/../../../../arm-none-eabi/lib/thumb/v7e-m+fp/hard\libc_nano.a(libc_a-stdio.o) (_close_r)
D:/STM32/STM32CubeIDE_1.15.1/STM32CubeIDE/plugins/com.st.stm32cube.ide.mcu.externaltools.gnu-tools-for-stm32.12.3.rel1.win32_1.0.100.202403111256/tools/bin/../lib/gcc/arm-none-eabi/12.3.1/../../../../arm-none-eabi/lib/thumb/v7e-m+fp/hard\libc_nano.a(libc_a-reent.o)
                              D:/STM32/STM32CubeIDE_1.15.1/STM32CubeIDE/plugins/com.st.stm32cube.ide.mcu.externaltools.gnu-tools-for-stm32.12.3.rel1.win32_1.0.100.202403111256/tools/bin/../lib/gcc/arm-none-eabi/12.3.1/../../../../arm-none-eabi/lib/thumb/v7e-m+fp/hard\libc_nano.a(libc_a-closer.o) (errno)
D:/STM32/STM32CubeIDE_1.15.1/STM32CubeIDE/plugins/com.st.stm32cube.ide.mcu.externaltools.gnu-tools-for-stm32.12.3.rel1.win32_1.0.100.202403111256/tools/bin/../lib/gcc/arm-none-eabi/12.3.1/../../../../arm-none-eabi/lib/thumb/v7e-m+fp/hard\libc_nano.a(libc_a-impure.o)
                              D:/STM32/STM32CubeIDE_1.15.1/STM32CubeIDE/plugins/com.st.stm32cube.ide.mcu.externaltools.gnu-tools-for-stm32.12.3.rel1.win32_1.0.100.202403111256/tools/bin/../lib/gcc/arm-none-eabi/12.3.1/../../../../arm-none-eabi/lib/thumb/v7e-m+fp/hard\libc_nano.a(libc_a-reent.o) (_impure_ptr)
D:/STM32/STM32CubeIDE_1.15.1/STM32CubeIDE/plugins/com.st.stm32cube.ide.mcu.externaltools.gnu-tools-for-stm32.12.3.rel1.win32_1.0.100.202403111256/tools/bin/../lib/gcc/arm-none-eabi/12.3.1/../../../../arm-none-eabi/lib/thumb/v7e-m+fp/hard\libc_nano.a(libc_a-lseekr.o)
[...]
Memory Configuration

Name             Origin             Length             Attributes
RAM              0x20000000         0x00010000         xrw
RAM2             0x10000000         0x00004000         xrw
FLASH            0x08000000         0x00040000         xr
*default*        0x00000000         0xffffffff

Linker script and memory map

LOAD D:/STM32/STM32CubeIDE_1.15.1/STM32CubeIDE/plugins/com.st.stm32cube.ide.mcu.externaltools.gnu-tools-for-stm32.12.3.rel1.win32_1.0.100.202403111256/tools/bin/../lib/gcc/arm-none-eabi/12.3.1/thumb/v7e-m+fp/hard/crti.o
LOAD D:/STM32/STM32CubeIDE_1.15.1/STM32CubeIDE/plugins/com.st.stm32cube.ide.mcu.externaltools.gnu-tools-for-stm32.12.3.rel1.win32_1.0.100.202403111256/tools/bin/../lib/gcc/arm-none-eabi/12.3.1/thumb/v7e-m+fp/hard/crtbegin.o
LOAD D:/STM32/STM32CubeIDE_1.15.1/STM32CubeIDE/plugins/com.st.stm32cube.ide.mcu.externaltools.gnu-tools-for-stm32.12.3.rel1.win32_1.0.100.202403111256/tools/bin/../lib/gcc/arm-none-eabi/12.3.1/../../../../arm-none-eabi/lib/thumb/v7e-m+fp/hard/crt0.o
LOAD ./Core/Src/freertos.o
LOAD ./Core/Src/gpio.o
LOAD ./Core/Src/main.o
LOAD ./Core/Src/stm32l4xx_hal_msp.o
LOAD ./Core/Src/stm32l4xx_it.o
LOAD ./Core/Src/syscalls.o
LOAD ./Core/Src/sysmem.o
LOAD ./Core/Src/system_stm32l4xx.o
LOAD ./Core/Src/tim.o
LOAD ./Core/Src/usart.o
LOAD ./Core/Startup/startup_stm32l432kcux.o
LOAD ./Drivers/BSP/LED/led.o
LOAD ./Drivers/STM32L4xx_HAL_Driver/Src/stm32l4xx_hal.o
LOAD ./Drivers/STM32L4xx_HAL_Driver/Src/stm32l4xx_hal_cortex.o
LOAD ./Drivers/STM32L4xx_HAL_Driver/Src/stm32l4xx_hal_dma.o
LOAD ./Drivers/STM32L4xx_HAL_Driver/Src/stm32l4xx_hal_dma_ex.o
LOAD ./Drivers/STM32L4xx_HAL_Driver/Src/stm32l4xx_hal_exti.o
LOAD ./Drivers/STM32L4xx_HAL_Driver/Src/stm32l4xx_hal_flash.o
LOAD ./Drivers/STM32L4xx_HAL_Driver/Src/stm32l4xx_hal_flash_ex.o
LOAD ./Drivers/STM32L4xx_HAL_Driver/Src/stm32l4xx_hal_flash_ramfunc.o
LOAD ./Drivers/STM32L4xx_HAL_Driver/Src/stm32l4xx_hal_gpio.o
LOAD ./Drivers/STM32L4xx_HAL_Driver/Src/stm32l4xx_hal_i2c.o
LOAD ./Drivers/STM32L4xx_HAL_Driver/Src/stm32l4xx_hal_i2c_ex.o
LOAD ./Drivers/STM32L4xx_HAL_Driver/Src/stm32l4xx_hal_pwr.o
LOAD ./Drivers/STM32L4xx_HAL_Driver/Src/stm32l4xx_hal_pwr_ex.o
LOAD ./Drivers/STM32L4xx_HAL_Driver/Src/stm32l4xx_hal_rcc.o
LOAD ./Drivers/STM32L4xx_HAL_Driver/Src/stm32l4xx_hal_rcc_ex.o
LOAD ./Drivers/STM32L4xx_HAL_Driver/Src/stm32l4xx_hal_tim.o
LOAD ./Drivers/STM32L4xx_HAL_Driver/Src/stm32l4xx_hal_tim_ex.o
LOAD ./Drivers/STM32L4xx_HAL_Driver/Src/stm32l4xx_hal_uart.o
LOAD ./Drivers/STM32L4xx_HAL_Driver/Src/stm32l4xx_hal_uart_ex.o
LOAD ./Middlewares/Third_Party/FreeRTOS/Source/CMSIS_RTOS_V2/cmsis_os2.o
LOAD ./Middlewares/Third_Party/FreeRTOS/Source/croutine.o
LOAD ./Middlewares/Third_Party/FreeRTOS/Source/event_groups.o
LOAD ./Middlewares/Third_Party/FreeRTOS/Source/list.o
LOAD ./Middlewares/Third_Party/FreeRTOS/Source/queue.o
LOAD ./Middlewares/Third_Party/FreeRTOS/Source/stream_buffer.o
LOAD ./Middlewares/Third_Party/FreeRTOS/Source/tasks.o
LOAD ./Middlewares/Third_Party/FreeRTOS/Source/timers.o
LOAD ./Middlewares/Third_Party/FreeRTOS/Source/portable/GCC/ARM_CM4F/port.o
LOAD ./Middlewares/Third_Party/FreeRTOS/Source/portable/MemMang/heap_4.o
START GROUP
LOAD D:/STM32/STM32CubeIDE_1.15.1/STM32CubeIDE/plugins/com.st.stm32cube.ide.mcu.externaltools.gnu-tools-for-stm32.12.3.rel1.win32_1.0.100.202403111256/tools/bin/../lib/gcc/arm-none-eabi/12.3.1/../../../../arm-none-eabi/lib/thumb/v7e-m+fp/hard\libc_nano.a
LOAD D:/STM32/STM32CubeIDE_1.15.1/STM32CubeIDE/plugins/com.st.stm32cube.ide.mcu.externaltools.gnu-tools-for-stm32.12.3.rel1.win32_1.0.100.202403111256/tools/bin/../lib/gcc/arm-none-eabi/12.3.1/../../../../arm-none-eabi/lib/thumb/v7e-m+fp/hard\libm.a
END GROUP
START GROUP
LOAD D:/STM32/STM32CubeIDE_1.15.1/STM32CubeIDE/plugins/com.st.stm32cube.ide.mcu.externaltools.gnu-tools-for-stm32.12.3.rel1.win32_1.0.100.202403111256/tools/bin/../lib/gcc/arm-none-eabi/12.3.1/thumb/v7e-m+fp/hard\libgcc.a
LOAD D:/STM32/STM32CubeIDE_1.15.1/STM32CubeIDE/plugins/com.st.stm32cube.ide.mcu.externaltools.gnu-tools-for-stm32.12.3.rel1.win32_1.0.100.202403111256/tools/bin/../lib/gcc/arm-none-eabi/12.3.1/../../../../arm-none-eabi/lib/thumb/v7e-m+fp/hard\libc_nano.a
END GROUP
START GROUP
LOAD D:/STM32/STM32CubeIDE_1.15.1/STM32CubeIDE/plugins/com.st.stm32cube.ide.mcu.externaltools.gnu-tools-for-stm32.12.3.rel1.win32_1.0.100.202403111256/tools/bin/../lib/gcc/arm-none-eabi/12.3.1/thumb/v7e-m+fp/hard\libgcc.a
LOAD D:/STM32/STM32CubeIDE_1.15.1/STM32CubeIDE/plugins/com.st.stm32cube.ide.mcu.externaltools.gnu-tools-for-stm32.12.3.rel1.win32_1.0.100.202403111256/tools/bin/../lib/gcc/arm-none-eabi/12.3.1/../../../../arm-none-eabi/lib/thumb/v7e-m+fp/hard\libc_nano.a
LOAD D:/STM32/STM32CubeIDE_1.15.1/STM32CubeIDE/plugins/com.st.stm32cube.ide.mcu.externaltools.gnu-tools-for-stm32.12.3.rel1.win32_1.0.100.202403111256/tools/bin/../lib/gcc/arm-none-eabi/12.3.1/../../../../arm-none-eabi/lib/thumb/v7e-m+fp/hard\libnosys.a
END GROUP
START GROUP
LOAD D:/STM32/STM32CubeIDE_1.15.1/STM32CubeIDE/plugins/com.st.stm32cube.ide.mcu.externaltools.gnu-tools-for-stm32.12.3.rel1.win32_1.0.100.202403111256/tools/bin/../lib/gcc/arm-none-eabi/12.3.1/thumb/v7e-m+fp/hard\libgcc.a
LOAD D:/STM32/STM32CubeIDE_1.15.1/STM32CubeIDE/plugins/com.st.stm32cube.ide.mcu.externaltools.gnu-tools-for-stm32.12.3.rel1.win32_1.0.100.202403111256/tools/bin/../lib/gcc/arm-none-eabi/12.3.1/../../../../arm-none-eabi/lib/thumb/v7e-m+fp/hard\libc_nano.a
LOAD D:/STM32/STM32CubeIDE_1.15.1/STM32CubeIDE/plugins/com.st.stm32cube.ide.mcu.externaltools.gnu-tools-for-stm32.12.3.rel1.win32_1.0.100.202403111256/tools/bin/../lib/gcc/arm-none-eabi/12.3.1/../../../../arm-none-eabi/lib/thumb/v7e-m+fp/hard\libnosys.a
END GROUP
LOAD D:/STM32/STM32CubeIDE_1.15.1/STM32CubeIDE/plugins/com.st.stm32cube.ide.mcu.externaltools.gnu-tools-for-stm32.12.3.rel1.win32_1.0.100.202403111256/tools/bin/../lib/gcc/arm-none-eabi/12.3.1/thumb/v7e-m+fp/hard/crtend.o
LOAD D:/STM32/STM32CubeIDE_1.15.1/STM32CubeIDE/plugins/com.st.stm32cube.ide.mcu.externaltools.gnu-tools-for-stm32.12.3.rel1.win32_1.0.100.202403111256/tools/bin/../lib/gcc/arm-none-eabi/12.3.1/thumb/v7e-m+fp/hard/crtn.o
                0x20010000                        _estack = (ORIGIN (RAM) + LENGTH (RAM))
                0x00000200                        _Min_Heap_Size = 0x200
                0x00000400                        _Min_Stack_Size = 0x400

.isr_vector     0x08000000      0x18c
                0x08000000                        . = ALIGN (0x4)
 *(.isr_vector)
 .isr_vector    0x08000000      0x18c ./Core/Startup/startup_stm32l432kcux.o
                0x08000000                g_pfnVectors
                0x0800018c                        . = ALIGN (0x4)

.text           0x08000190     0x5c54
                0x08000190                        . = ALIGN (0x4)
 *(.text)
 .text          0x08000190       0x40 D:/STM32/STM32CubeIDE_1.15.1/STM32CubeIDE/plugins/com.st.stm32cube.ide.mcu.externaltools.gnu-tools-for-stm32.12.3.rel1.win32_1.0.100.202403111256/tools/bin/../lib/gcc/arm-none-eabi/12.3.1/thumb/v7e-m+fp/hard/crtbegin.o
 .text          0x080001d0       0x30 D:/STM32/STM32CubeIDE_1.15.1/STM32CubeIDE/plugins/com.st.stm32cube.ide.mcu.externaltools.gnu-tools-for-stm32.12.3.rel1.win32_1.0.100.202403111256/tools/bin/../lib/gcc/arm-none-eabi/12.3.1/thumb/v7e-m+fp/hard\libgcc.a(_aeabi_uldivmod.o)
                0x080001d0                __aeabi_uldivmod
 .text          0x08000200      0x2bc D:/STM32/STM32CubeIDE_1.15.1/STM32CubeIDE/plugins/com.st.stm32cube.ide.mcu.externaltools.gnu-tools-for-stm32.12.3.rel1.win32_1.0.100.202403111256/tools/bin/../lib/gcc/arm-none-eabi/12.3.1/thumb/v7e-m+fp/hard\libgcc.a(_udivmoddi4.o)
                0x08000200                __udivmoddi4
 .text          0x080004bc        0x4 D:/STM32/STM32CubeIDE_1.15.1/STM32CubeIDE/plugins/com.st.stm32cube.ide.mcu.externaltools.gnu-tools-for-stm32.12.3.rel1.win32_1.0.100.202403111256/tools/bin/../lib/gcc/arm-none-eabi/12.3.1/thumb/v7e-m+fp/hard\libgcc.a(_dvmd_tls.o)
                0x080004bc                __aeabi_idiv0
                0x080004bc                __aeabi_ldiv0
 *(.text*)
 .text.MX_FREERTOS_Init
                0x080004c0       0x24 ./Core/Src/freertos.o
                0x080004c0                MX_FREERTOS_Init
 .text.StartDefaultTask
                0x080004e4       0x10 ./Core/Src/freertos.o
                0x080004e4                StartDefaultTask
 .text.MX_GPIO_Init
                0x080004f4       0x94 ./Core/Src/gpio.o
                0x080004f4                MX_GPIO_Init
 .text.HAL_TIM_PeriodElapsedCallback
                0x08000588       0x1c ./Core/Src/main.o
                0x08000588                HAL_TIM_PeriodElapsedCallback
 .text.main     0x080005a4       0x34 ./Core/Src/main.o
                0x080005a4                main
 .text.SystemClock_Config
                0x080005d8       0xc4 ./Core/Src/main.o
                0x080005d8                SystemClock_Config
 .text.Error_Handler
                0x0800069c        0xc ./Core/Src/main.o
                0x0800069c                Error_Handler
 .text.HAL_MspInit
                0x080006a8       0x50 ./Core/Src/stm32l4xx_hal_msp.o
                0x080006a8                HAL_MspInit
 .text.NMI_Handler
                0x080006f8        0x8 ./Core/Src/stm32l4xx_it.o
                0x080006f8                NMI_Handler
 .text.HardFault_Handler
                0x08000700        0x8 ./Core/Src/stm32l4xx_it.o
                0x08000700                HardFault_Handler
 .text.MemManage_Handler
                0x08000708        0x8 ./Core/Src/stm32l4xx_it.o
                0x08000708                MemManage_Handler
 .text.BusFault_Handler
                0x08000710        0x8 ./Core/Src/stm32l4xx_it.o
                0x08000710                BusFault_Handler
 .text.UsageFault_Handler
                0x08000718        0x8 ./Core/Src/stm32l4xx_it.o
                0x08000718                UsageFault_Handler
 .text.DebugMon_Handler
                0x08000720        0xe ./Core/Src/stm32l4xx_it.o
                0x08000720                DebugMon_Handler
 .text.SysTick_Handler
                0x0800072e       0x1a ./Core/Src/stm32l4xx_it.o
                0x0800072e                SysTick_Handler
 .text.TIM6_DAC_IRQHandler
                0x08000748       0x14 ./Core/Src/stm32l4xx_it.o
                0x08000748                TIM6_DAC_IRQHandler
 .text.SystemInit
                0x0800075c       0x24 ./Core/Src/system_stm32l4xx.o
                0x0800075c                SystemInit
 .text.MX_TIM6_Init
                0x08000780       0x70 ./Core/Src/tim.o
                0x08000780                MX_TIM6_Init
 .text.HAL_TIM_Base_MspInit
                0x080007f0       0x4c ./Core/Src/tim.o
                0x080007f0                HAL_TIM_Base_MspInit
 .text.MX_USART2_UART_Init
                0x0800083c       0x60 ./Core/Src/usart.o
                0x0800083c                MX_USART2_UART_Init
 .text.HAL_UART_MspInit
                0x0800089c       0xd4 ./Core/Src/usart.o
                0x0800089c                HAL_UART_MspInit
 .text.Reset_Handler
                0x08000970       0x50 ./Core/Startup/startup_stm32l432kcux.o
                0x08000970                Reset_Handler
 .text.Default_Handler
                0x080009c0        0x2 ./Core/Startup/startup_stm32l432kcux.o
                0x080009c0                RTC_Alarm_IRQHandler
                0x080009c0                EXTI2_IRQHandler
                0x080009c0                TIM1_CC_IRQHandler
                0x080009c0                TSC_IRQHandler
                0x080009c0                TAMP_STAMP_IRQHandler
                0x080009c0                EXTI3_IRQHandler
                0x080009c0                LPTIM2_IRQHandler
                0x080009c0                I2C3_ER_IRQHandler
                0x080009c0                EXTI0_IRQHandler
                0x080009c0                CAN1_RX0_IRQHandler
                0x080009c0                FPU_IRQHandler
                0x080009c0                TIM1_UP_TIM16_IRQHandler
                0x080009c0                SPI1_IRQHandler
                0x080009c0                DMA2_Channel2_IRQHandler
                0x080009c0                DMA1_Channel4_IRQHandler
                0x080009c0                ADC1_IRQHandler
                0x080009c0                DMA1_Channel7_IRQHandler
                0x080009c0                CAN1_RX1_IRQHandler
                0x080009c0                DMA2_Channel1_IRQHandler
                0x080009c0                QUADSPI_IRQHandler
                0x080009c0                I2C1_EV_IRQHandler
                0x080009c0                DMA1_Channel6_IRQHandler
                0x080009c0                DMA2_Channel4_IRQHandler
                0x080009c0                RCC_IRQHandler
                0x080009c0                TIM1_TRG_COM_IRQHandler
                0x080009c0                DMA1_Channel1_IRQHandler
                0x080009c0                Default_Handler
                0x080009c0                DMA2_Channel7_IRQHandler
                0x080009c0                EXTI15_10_IRQHandler
                0x080009c0                TIM7_IRQHandler
                0x080009c0                I2C3_EV_IRQHandler
                0x080009c0                USB_IRQHandler
                0x080009c0                EXTI9_5_IRQHandler
                0x080009c0                RTC_WKUP_IRQHandler
                0x080009c0                PVD_PVM_IRQHandler
                0x080009c0                CAN1_TX_IRQHandler
                0x080009c0                DMA2_Channel5_IRQHandler
                0x080009c0                CRS_IRQHandler
                0x080009c0                DMA1_Channel5_IRQHandler
                0x080009c0                EXTI4_IRQHandler
                0x080009c0                RNG_IRQHandler
                0x080009c0                DMA1_Channel3_IRQHandler
                0x080009c0                COMP_IRQHandler
                0x080009c0                WWDG_IRQHandler
                0x080009c0                LPUART1_IRQHandler
                0x080009c0                DMA2_Channel6_IRQHandler
                0x080009c0                TIM2_IRQHandler
                0x080009c0                EXTI1_IRQHandler
                0x080009c0                USART2_IRQHandler
                0x080009c0                DMA1_Channel2_IRQHandler
                0x080009c0                CAN1_SCE_IRQHandler
                0x080009c0                FLASH_IRQHandler
                0x080009c0                USART1_IRQHandler
                0x080009c0                SPI3_IRQHandler
                0x080009c0                I2C1_ER_IRQHandler
                0x080009c0                SWPMI1_IRQHandler
                0x080009c0                LPTIM1_IRQHandler
                0x080009c0                SAI1_IRQHandler
                0x080009c0                DMA2_Channel3_IRQHandler
                0x080009c0                TIM1_BRK_TIM15_IRQHandler
 .text.HAL_Init
                0x080009c2       0x30 ./Drivers/STM32L4xx_HAL_Driver/Src/stm32l4xx_hal.o
                0x080009c2                HAL_Init
 *fill*         0x080009f2        0x2 
 .text.HAL_InitTick
                0x080009f4       0x78 ./Drivers/STM32L4xx_HAL_Driver/Src/stm32l4xx_hal.o
                0x080009f4                HAL_InitTick
 .text.HAL_IncTick
                0x08000a6c       0x28 ./Drivers/STM32L4xx_HAL_Driver/Src/stm32l4xx_hal.o
                0x08000a6c                HAL_IncTick
 .text.HAL_GetTick
                0x08000a94       0x18 ./Drivers/STM32L4xx_HAL_Driver/Src/stm32l4xx_hal.o
                0x08000a94                HAL_GetTick
 .text.__NVIC_SetPriorityGrouping
                0x08000aac       0x48 ./Drivers/STM32L4xx_HAL_Driver/Src/stm32l4xx_hal_cortex.o
 .text.__NVIC_GetPriorityGrouping
                0x08000af4       0x1c ./Drivers/STM32L4xx_HAL_Driver/Src/stm32l4xx_hal_cortex.o
 .text.__NVIC_EnableIRQ
                0x08000b10       0x3c ./Drivers/STM32L4xx_HAL_Driver/Src/stm32l4xx_hal_cortex.o
 .text.__NVIC_SetPriority
                0x08000b4c       0x54 ./Drivers/STM32L4xx_HAL_Driver/Src/stm32l4xx_hal_cortex.o
 .text.NVIC_EncodePriority
                0x08000ba0       0x66 ./Drivers/STM32L4xx_HAL_Driver/Src/stm32l4xx_hal_cortex.o
 *fill*         0x08000c06        0x2 
 .text.SysTick_Config
                0x08000c08       0x44 ./Drivers/STM32L4xx_HAL_Driver/Src/stm32l4xx_hal_cortex.o
 .text.HAL_NVIC_SetPriorityGrouping
                0x08000c4c       0x16 ./Drivers/STM32L4xx_HAL_Driver/Src/stm32l4xx_hal_cortex.o
                0x08000c4c                HAL_NVIC_SetPriorityGrouping
 .text.HAL_NVIC_SetPriority
                0x08000c62       0x38 ./Drivers/STM32L4xx_HAL_Driver/Src/stm32l4xx_hal_cortex.o
                0x08000c62                HAL_NVIC_SetPriority
 .text.HAL_NVIC_EnableIRQ
                0x08000c9a       0x1c ./Drivers/STM32L4xx_HAL_Driver/Src/stm32l4xx_hal_cortex.o
                0x08000c9a                HAL_NVIC_EnableIRQ
 .text.HAL_SYSTICK_Config
                0x08000cb6       0x18 ./Drivers/STM32L4xx_HAL_Driver/Src/stm32l4xx_hal_cortex.o
                0x08000cb6                HAL_SYSTICK_Config
 *fill*         0x08000cce        0x2 
 .text.HAL_GPIO_Init
                0x08000cd0      0x2d4 ./Drivers/STM32L4xx_HAL_Driver/Src/stm32l4xx_hal_gpio.o
                0x08000cd0                HAL_GPIO_Init
 .text.HAL_GPIO_WritePin
                0x08000fa4       0x30 ./Drivers/STM32L4xx_HAL_Driver/Src/stm32l4xx_hal_gpio.o
                0x08000fa4                HAL_GPIO_WritePin
 .text.HAL_GPIO_TogglePin
                0x08000fd4       0x34 ./Drivers/STM32L4xx_HAL_Driver/Src/stm32l4xx_hal_gpio.o
                0x08000fd4                HAL_GPIO_TogglePin
 .text.HAL_PWR_EnableBkUpAccess
                0x08001008       0x20 ./Drivers/STM32L4xx_HAL_Driver/Src/stm32l4xx_hal_pwr.o
                0x08001008                HAL_PWR_EnableBkUpAccess
 .text.HAL_PWREx_GetVoltageRange
                0x08001028       0x1c ./Drivers/STM32L4xx_HAL_Driver/Src/stm32l4xx_hal_pwr_ex.o
                0x08001028                HAL_PWREx_GetVoltageRange
 .text.HAL_PWREx_ControlVoltageScaling
                0x08001044       0xac ./Drivers/STM32L4xx_HAL_Driver/Src/stm32l4xx_hal_pwr_ex.o
                0x08001044                HAL_PWREx_ControlVoltageScaling
 .text.HAL_RCC_OscConfig
                0x080010f0      0x828 ./Drivers/STM32L4xx_HAL_Driver/Src/stm32l4xx_hal_rcc.o
                0x080010f0                HAL_RCC_OscConfig
 .text.HAL_RCC_ClockConfig
                0x08001918      0x200 ./Drivers/STM32L4xx_HAL_Driver/Src/stm32l4xx_hal_rcc.o
                0x08001918                HAL_RCC_ClockConfig
 .text.HAL_RCC_GetSysClockFreq
                0x08001b18      0x118 ./Drivers/STM32L4xx_HAL_Driver/Src/stm32l4xx_hal_rcc.o
                0x08001b18                HAL_RCC_GetSysClockFreq
 .text.HAL_RCC_GetHCLKFreq
                0x08001c30       0x18 ./Drivers/STM32L4xx_HAL_Driver/Src/stm32l4xx_hal_rcc.o
                0x08001c30                HAL_RCC_GetHCLKFreq
 .text.HAL_RCC_GetPCLK1Freq
                0x08001c48       0x2c ./Drivers/STM32L4xx_HAL_Driver/Src/stm32l4xx_hal_rcc.o
                0x08001c48                HAL_RCC_GetPCLK1Freq
 .text.HAL_RCC_GetPCLK2Freq
                0x08001c74       0x2c ./Drivers/STM32L4xx_HAL_Driver/Src/stm32l4xx_hal_rcc.o
                0x08001c74                HAL_RCC_GetPCLK2Freq
 .text.RCC_SetFlashLatencyFromMSIRange
                0x08001ca0       0xc0 ./Drivers/STM32L4xx_HAL_Driver/Src/stm32l4xx_hal_rcc.o
 .text.HAL_RCCEx_PeriphCLKConfig
                0x08001d60      0x3ec ./Drivers/STM32L4xx_HAL_Driver/Src/stm32l4xx_hal_rcc_ex.o
                0x08001d60                HAL_RCCEx_PeriphCLKConfig
 .text.HAL_RCCEx_EnableMSIPLLMode
                0x0800214c       0x20 ./Drivers/STM32L4xx_HAL_Driver/Src/stm32l4xx_hal_rcc_ex.o
                0x0800214c                HAL_RCCEx_EnableMSIPLLMode
 .text.RCCEx_PLLSAI1_Config
                0x0800216c      0x1e4 ./Drivers/STM32L4xx_HAL_Driver/Src/stm32l4xx_hal_rcc_ex.o
 .text.HAL_TIM_Base_Init
                0x08002350       0xae ./Drivers/STM32L4xx_HAL_Driver/Src/stm32l4xx_hal_tim.o
                0x08002350                HAL_TIM_Base_Init
 *fill*         0x080023fe        0x2 
 .text.HAL_TIM_Base_Start_IT
                0x08002400       0xa8 ./Drivers/STM32L4xx_HAL_Driver/Src/stm32l4xx_hal_tim.o
                0x08002400                HAL_TIM_Base_Start_IT
 .text.HAL_TIM_IRQHandler
                0x080024a8      0x204 ./Drivers/STM32L4xx_HAL_Driver/Src/stm32l4xx_hal_tim.o
                0x080024a8                HAL_TIM_IRQHandler
 .text.HAL_TIM_OC_DelayElapsedCallback
                0x080026ac       0x14 ./Drivers/STM32L4xx_HAL_Driver/Src/stm32l4xx_hal_tim.o
                0x080026ac                HAL_TIM_OC_DelayElapsedCallback
 .text.HAL_TIM_IC_CaptureCallback
                0x080026c0       0x14 ./Drivers/STM32L4xx_HAL_Driver/Src/stm32l4xx_hal_tim.o
                0x080026c0                HAL_TIM_IC_CaptureCallback
 .text.HAL_TIM_PWM_PulseFinishedCallback
                0x080026d4       0x14 ./Drivers/STM32L4xx_HAL_Driver/Src/stm32l4xx_hal_tim.o
                0x080026d4                HAL_TIM_PWM_PulseFinishedCallback
 .text.HAL_TIM_TriggerCallback
                0x080026e8       0x14 ./Drivers/STM32L4xx_HAL_Driver/Src/stm32l4xx_hal_tim.o
                0x080026e8                HAL_TIM_TriggerCallback
 .text.TIM_Base_SetConfig
                0x080026fc       0xc8 ./Drivers/STM32L4xx_HAL_Driver/Src/stm32l4xx_hal_tim.o
                0x080026fc                TIM_Base_SetConfig
 .text.HAL_TIMEx_MasterConfigSynchronization
                0x080027c4       0xcc ./Drivers/STM32L4xx_HAL_Driver/Src/stm32l4xx_hal_tim_ex.o
                0x080027c4                HAL_TIMEx_MasterConfigSynchronization
 .text.HAL_TIMEx_CommutCallback
                0x08002890       0x14 ./Drivers/STM32L4xx_HAL_Driver/Src/stm32l4xx_hal_tim_ex.o
                0x08002890                HAL_TIMEx_CommutCallback
 .text.HAL_TIMEx_BreakCallback
                0x080028a4       0x14 ./Drivers/STM32L4xx_HAL_Driver/Src/stm32l4xx_hal_tim_ex.o
                0x080028a4                HAL_TIMEx_BreakCallback
 .text.HAL_TIMEx_Break2Callback
                0x080028b8       0x14 ./Drivers/STM32L4xx_HAL_Driver/Src/stm32l4xx_hal_tim_ex.o
                0x080028b8                HAL_TIMEx_Break2Callback
 .text.HAL_UART_Init
                0x080028cc       0x9c ./Drivers/STM32L4xx_HAL_Driver/Src/stm32l4xx_hal_uart.o
                0x080028cc                HAL_UART_Init
 .text.UART_SetConfig
                0x08002968      0x458 ./Drivers/STM32L4xx_HAL_Driver/Src/stm32l4xx_hal_uart.o
                0x08002968                UART_SetConfig
 .text.UART_AdvFeatureConfig
                0x08002dc0      0x144 ./Drivers/STM32L4xx_HAL_Driver/Src/stm32l4xx_hal_uart.o
                0x08002dc0                UART_AdvFeatureConfig
 .text.UART_CheckIdleState
                0x08002f04      0x150 ./Drivers/STM32L4xx_HAL_Driver/Src/stm32l4xx_hal_uart.o
                0x08002f04                UART_CheckIdleState
 .text.UART_WaitOnFlagUntilTimeout
                0x08003054       0xce ./Drivers/STM32L4xx_HAL_Driver/Src/stm32l4xx_hal_uart.o
                0x08003054                UART_WaitOnFlagUntilTimeout
 .text.UART_EndRxTransfer
                0x08003122       0xc8 ./Drivers/STM32L4xx_HAL_Driver/Src/stm32l4xx_hal_uart.o
 *fill*         0x080031ea        0x2 
 .text.__NVIC_SetPriority
                0x080031ec       0x54 ./Middlewares/Third_Party/FreeRTOS/Source/CMSIS_RTOS_V2/cmsis_os2.o
 .text.SVC_Setup
                0x08003240       0x12 ./Middlewares/Third_Party/FreeRTOS/Source/CMSIS_RTOS_V2/cmsis_os2.o
 *fill*         0x08003252        0x2 
 .text.osKernelInitialize
                0x08003254       0x48 ./Middlewares/Third_Party/FreeRTOS/Source/CMSIS_RTOS_V2/cmsis_os2.o
                0x08003254                osKernelInitialize
 .text.osKernelStart
                0x0800329c       0x4c ./Middlewares/Third_Party/FreeRTOS/Source/CMSIS_RTOS_V2/cmsis_os2.o
                0x0800329c                osKernelStart
 .text.osThreadNew
                0x080032e8      0x124 ./Middlewares/Third_Party/FreeRTOS/Source/CMSIS_RTOS_V2/cmsis_os2.o
                0x080032e8                osThreadNew
 .text.osDelay  0x0800340c       0x36 ./Middlewares/Third_Party/FreeRTOS/Source/CMSIS_RTOS_V2/cmsis_os2.o
                0x0800340c                osDelay
 *fill*         0x08003442        0x2 
 .text.vApplicationGetIdleTaskMemory
                0x08003444       0x34 ./Middlewares/Third_Party/FreeRTOS/Source/CMSIS_RTOS_V2/cmsis_os2.o
                0x08003444                vApplicationGetIdleTaskMemory
 .text.vApplicationGetTimerTaskMemory
                0x08003478       0x34 ./Middlewares/Third_Party/FreeRTOS/Source/CMSIS_RTOS_V2/cmsis_os2.o
                0x08003478                vApplicationGetTimerTaskMemory
 .text.vListInitialise
                0x080034ac       0x40 ./Middlewares/Third_Party/FreeRTOS/Source/list.o
                0x080034ac                vListInitialise
 .text.vListInitialiseItem
                0x080034ec       0x1a ./Middlewares/Third_Party/FreeRTOS/Source/list.o
                0x080034ec                vListInitialiseItem
 .text.vListInsertEnd
                0x08003506       0x48 ./Middlewares/Third_Party/FreeRTOS/Source/list.o
                0x08003506                vListInsertEnd
 .text.vListInsert
                0x0800354e       0x72 ./Middlewares/Third_Party/FreeRTOS/Source/list.o
                0x0800354e                vListInsert
 .text.uxListRemove
                0x080035c0       0x54 ./Middlewares/Third_Party/FreeRTOS/Source/list.o
                0x080035c0                uxListRemove
 .text.xQueueGenericReset
                0x08003614       0xd4 ./Middlewares/Third_Party/FreeRTOS/Source/queue.o
                0x08003614                xQueueGenericReset
 .text.xQueueGenericCreateStatic
                0x080036e8       0xfa ./Middlewares/Third_Party/FreeRTOS/Source/queue.o
                0x080036e8                xQueueGenericCreateStatic
 .text.prvInitialiseNewQueue
                0x080037e2       0x46 ./Middlewares/Third_Party/FreeRTOS/Source/queue.o
 .text.xQueueGenericSend
                0x08003828      0x204 ./Middlewares/Third_Party/FreeRTOS/Source/queue.o
                0x08003828                xQueueGenericSend
 .text.xQueueGenericSendFromISR
                0x08003a2c      0x13c ./Middlewares/Third_Party/FreeRTOS/Source/queue.o
                0x08003a2c                xQueueGenericSendFromISR
 .text.xQueueReceive
                0x08003b68      0x1c4 ./Middlewares/Third_Party/FreeRTOS/Source/queue.o
                0x08003b68                xQueueReceive
 .text.prvCopyDataToQueue
                0x08003d2c       0xd4 ./Middlewares/Third_Party/FreeRTOS/Source/queue.o
 .text.prvCopyDataFromQueue
                0x08003e00       0x4c ./Middlewares/Third_Party/FreeRTOS/Source/queue.o
 .text.prvUnlockQueue
                0x08003e4c       0xa4 ./Middlewares/Third_Party/FreeRTOS/Source/queue.o
 .text.prvIsQueueEmpty
                0x08003ef0       0x2c ./Middlewares/Third_Party/FreeRTOS/Source/queue.o
 .text.prvIsQueueFull
                0x08003f1c       0x30 ./Middlewares/Third_Party/FreeRTOS/Source/queue.o
 .text.vQueueAddToRegistry
                0x08003f4c       0x54 ./Middlewares/Third_Party/FreeRTOS/Source/queue.o
                0x08003f4c                vQueueAddToRegistry
 .text.vQueueWaitForMessageRestricted
                0x08003fa0       0x68 ./Middlewares/Third_Party/FreeRTOS/Source/queue.o
                0x08003fa0                vQueueWaitForMessageRestricted
 .text.xTaskCreateStatic
                0x08004008       0xc0 ./Middlewares/Third_Party/FreeRTOS/Source/tasks.o
                0x08004008                xTaskCreateStatic
 .text.xTaskCreate
                0x080040c8       0x8a ./Middlewares/Third_Party/FreeRTOS/Source/tasks.o
                0x080040c8                xTaskCreate
 .text.prvInitialiseNewTask
                0x08004152      0x120 ./Middlewares/Third_Party/FreeRTOS/Source/tasks.o
 *fill*         0x08004272        0x2 
 .text.prvAddNewTaskToReadyList
                0x08004274       0xe0 ./Middlewares/Third_Party/FreeRTOS/Source/tasks.o
 .text.vTaskDelay
                0x08004354       0x6c ./Middlewares/Third_Party/FreeRTOS/Source/tasks.o
                0x08004354                vTaskDelay
 .text.vTaskStartScheduler
                0x080043c0       0xd0 ./Middlewares/Third_Party/FreeRTOS/Source/tasks.o
                0x080043c0                vTaskStartScheduler
 .text.vTaskSuspendAll
                0x08004490       0x1c ./Middlewares/Third_Party/FreeRTOS/Source/tasks.o
                0x08004490                vTaskSuspendAll
 .text.xTaskResumeAll
                0x080044ac      0x13c ./Middlewares/Third_Party/FreeRTOS/Source/tasks.o
                0x080044ac                xTaskResumeAll
 .text.xTaskGetTickCount
                0x080045e8       0x20 ./Middlewares/Third_Party/FreeRTOS/Source/tasks.o
                0x080045e8                xTaskGetTickCount
 .text.xTaskIncrementTick
                0x08004608      0x174 ./Middlewares/Third_Party/FreeRTOS/Source/tasks.o
                0x08004608                xTaskIncrementTick
 .text.vTaskSwitchContext
                0x0800477c       0xbc ./Middlewares/Third_Party/FreeRTOS/Source/tasks.o
                0x0800477c                vTaskSwitchContext
 .text.vTaskPlaceOnEventList
                0x08004838       0x4c ./Middlewares/Third_Party/FreeRTOS/Source/tasks.o
                0x08004838                vTaskPlaceOnEventList
 .text.vTaskPlaceOnEventListRestricted
                0x08004884       0x58 ./Middlewares/Third_Party/FreeRTOS/Source/tasks.o
                0x08004884                vTaskPlaceOnEventListRestricted
 .text.xTaskRemoveFromEventList
                0x080048dc       0xc8 ./Middlewares/Third_Party/FreeRTOS/Source/tasks.o
                0x080048dc                xTaskRemoveFromEventList
 .text.vTaskInternalSetTimeOutState
                0x080049a4       0x2c ./Middlewares/Third_Party/FreeRTOS/Source/tasks.o
                0x080049a4                vTaskInternalSetTimeOutState
 .text.xTaskCheckForTimeOut
                0x080049d0       0xc8 ./Middlewares/Third_Party/FreeRTOS/Source/tasks.o
                0x080049d0                xTaskCheckForTimeOut
 .text.vTaskMissedYield
                0x08004a98       0x18 ./Middlewares/Third_Party/FreeRTOS/Source/tasks.o
                0x08004a98                vTaskMissedYield
 .text.prvIdleTask
                0x08004ab0       0x30 ./Middlewares/Third_Party/FreeRTOS/Source/tasks.o
 .text.prvInitialiseTaskLists
                0x08004ae0       0x80 ./Middlewares/Third_Party/FreeRTOS/Source/tasks.o
 .text.prvCheckTasksWaitingTermination
                0x08004b60       0x5c ./Middlewares/Third_Party/FreeRTOS/Source/tasks.o
 .text.prvDeleteTCB
                0x08004bbc       0x60 ./Middlewares/Third_Party/FreeRTOS/Source/tasks.o
 .text.prvResetNextTaskUnblockTime
                0x08004c1c       0x40 ./Middlewares/Third_Party/FreeRTOS/Source/tasks.o
 .text.xTaskGetSchedulerState
                0x08004c5c       0x3c ./Middlewares/Third_Party/FreeRTOS/Source/tasks.o
                0x08004c5c                xTaskGetSchedulerState
 .text.xTaskPriorityDisinherit
                0x08004c98       0xe0 ./Middlewares/Third_Party/FreeRTOS/Source/tasks.o
                0x08004c98                xTaskPriorityDisinherit
 .text.prvAddCurrentTaskToDelayedList
                0x08004d78       0xa8 ./Middlewares/Third_Party/FreeRTOS/Source/tasks.o
 .text.xTimerCreateTimerTask
                0x08004e20       0x94 ./Middlewares/Third_Party/FreeRTOS/Source/timers.o
                0x08004e20                xTimerCreateTimerTask
 .text.xTimerGenericCommand
                0x08004eb4       0x9c ./Middlewares/Third_Party/FreeRTOS/Source/timers.o
                0x08004eb4                xTimerGenericCommand
 .text.prvProcessExpiredTimer
                0x08004f50       0x9c ./Middlewares/Third_Party/FreeRTOS/Source/timers.o
 .text.prvTimerTask
                0x08004fec       0x26 ./Middlewares/Third_Party/FreeRTOS/Source/timers.o
 *fill*         0x08005012        0x2 
 .text.prvProcessTimerOrBlockTask
                0x08005014       0x9c ./Middlewares/Third_Party/FreeRTOS/Source/timers.o
 .text.prvGetNextExpireTime
                0x080050b0       0x48 ./Middlewares/Third_Party/FreeRTOS/Source/timers.o
 .text.prvSampleTimeNow
                0x080050f8       0x40 ./Middlewares/Third_Party/FreeRTOS/Source/timers.o
 .text.prvInsertTimerInActiveList
                0x08005138       0x84 ./Middlewares/Third_Party/FreeRTOS/Source/timers.o
 .text.prvProcessReceivedCommands
                0x080051bc      0x1cc ./Middlewares/Third_Party/FreeRTOS/Source/timers.o
 .text.prvSwitchTimerLists
                0x08005388       0xcc ./Middlewares/Third_Party/FreeRTOS/Source/timers.o
 .text.prvCheckForValidListAndQueue
                0x08005454       0x80 ./Middlewares/Third_Party/FreeRTOS/Source/timers.o
 .text.pxPortInitialiseStack
                0x080054d4       0x68 ./Middlewares/Third_Party/FreeRTOS/Source/portable/GCC/ARM_CM4F/port.o
                0x080054d4                pxPortInitialiseStack
 .text.prvTaskExitError
                0x0800553c       0x5c ./Middlewares/Third_Party/FreeRTOS/Source/portable/GCC/ARM_CM4F/port.o
 *fill*         0x08005598        0x8 
 .text.SVC_Handler
                0x080055a0       0x28 ./Middlewares/Third_Party/FreeRTOS/Source/portable/GCC/ARM_CM4F/port.o
                0x080055a0                SVC_Handler
 .text.prvPortStartFirstTask
                0x080055c8       0x28 ./Middlewares/Third_Party/FreeRTOS/Source/portable/GCC/ARM_CM4F/port.o
 .text.xPortStartScheduler
                0x080055f0      0x148 ./Middlewares/Third_Party/FreeRTOS/Source/portable/GCC/ARM_CM4F/port.o
                0x080055f0                xPortStartScheduler
 .text.vPortEnterCritical
                0x08005738       0x64 ./Middlewares/Third_Party/FreeRTOS/Source/portable/GCC/ARM_CM4F/port.o
                0x08005738                vPortEnterCritical
 .text.vPortExitCritical
                0x0800579c       0x54 ./Middlewares/Third_Party/FreeRTOS/Source/portable/GCC/ARM_CM4F/port.o
                0x0800579c                vPortExitCritical
 .text.PendSV_Handler
                0x080057f0       0x68 ./Middlewares/Third_Party/FreeRTOS/Source/portable/GCC/ARM_CM4F/port.o
                0x080057f0                PendSV_Handler
 .text.xPortSysTickHandler
                0x08005858       0x44 ./Middlewares/Third_Party/FreeRTOS/Source/portable/GCC/ARM_CM4F/port.o
                0x08005858                xPortSysTickHandler
 .text.vPortSetupTimerInterrupt
                0x0800589c       0x48 ./Middlewares/Third_Party/FreeRTOS/Source/portable/GCC/ARM_CM4F/port.o
                0x0800589c                vPortSetupTimerInterrupt
 .text.vPortEnableVFP
                0x080058e4       0x14 ./Middlewares/Third_Party/FreeRTOS/Source/portable/GCC/ARM_CM4F/port.o
 .text.vPortValidateInterruptPriority
                0x080058f8       0x84 ./Middlewares/Third_Party/FreeRTOS/Source/portable/GCC/ARM_CM4F/port.o
                0x080058f8                vPortValidateInterruptPriority
 .text.pvPortMalloc
                0x0800597c      0x19c ./Middlewares/Third_Party/FreeRTOS/Source/portable/MemMang/heap_4.o
                0x0800597c                pvPortMalloc
 .text.vPortFree
                0x08005b18       0xc8 ./Middlewares/Third_Party/FreeRTOS/Source/portable/MemMang/heap_4.o
                0x08005b18                vPortFree
 .text.prvHeapInit
                0x08005be0       0xc4 ./Middlewares/Third_Party/FreeRTOS/Source/portable/MemMang/heap_4.o
 .text.prvInsertBlockIntoFreeList
                0x08005ca4       0xb4 ./Middlewares/Third_Party/FreeRTOS/Source/portable/MemMang/heap_4.o
 .text.memset   0x08005d58       0x10 D:/STM32/STM32CubeIDE_1.15.1/STM32CubeIDE/plugins/com.st.stm32cube.ide.mcu.externaltools.gnu-tools-for-stm32.12.3.rel1.win32_1.0.100.202403111256/tools/bin/../lib/gcc/arm-none-eabi/12.3.1/../../../../arm-none-eabi/lib/thumb/v7e-m+fp/hard\libc_nano.a(libc_a-memset.o)
                0x08005d58                memset
 .text.__libc_init_array
                0x08005d68       0x48 D:/STM32/STM32CubeIDE_1.15.1/STM32CubeIDE/plugins/com.st.stm32cube.ide.mcu.externaltools.gnu-tools-for-stm32.12.3.rel1.win32_1.0.100.202403111256/tools/bin/../lib/gcc/arm-none-eabi/12.3.1/../../../../arm-none-eabi/lib/thumb/v7e-m+fp/hard\libc_nano.a(libc_a-init.o)
                0x08005d68                __libc_init_array
 .text.memcpy   0x08005db0       0x1c D:/STM32/STM32CubeIDE_1.15.1/STM32CubeIDE/plugins/com.st.stm32cube.ide.mcu.externaltools.gnu-tools-for-stm32.12.3.rel1.win32_1.0.100.202403111256/tools/bin/../lib/gcc/arm-none-eabi/12.3.1/../../../../arm-none-eabi/lib/thumb/v7e-m+fp/hard\libc_nano.a(libc_a-memcpy-stub.o)
                0x08005db0                memcpy
 *(.glue_7)
 .glue_7        0x08005dcc        0x0 linker stubs
 *(.glue_7t)
 .glue_7t       0x08005dcc        0x0 linker stubs
 *(.eh_frame)
 .eh_frame      0x08005dcc        0x0 D:/STM32/STM32CubeIDE_1.15.1/STM32CubeIDE/plugins/com.st.stm32cube.ide.mcu.externaltools.gnu-tools-for-stm32.12.3.rel1.win32_1.0.100.202403111256/tools/bin/../lib/gcc/arm-none-eabi/12.3.1/thumb/v7e-m+fp/hard/crtbegin.o
 *(.init)
 .init          0x08005dcc        0x4 D:/STM32/STM32CubeIDE_1.15.1/STM32CubeIDE/plugins/com.st.stm32cube.ide.mcu.externaltools.gnu-tools-for-stm32.12.3.rel1.win32_1.0.100.202403111256/tools/bin/../lib/gcc/arm-none-eabi/12.3.1/thumb/v7e-m+fp/hard/crti.o
                0x08005dcc                _init
 .init          0x08005dd0        0x8 D:/STM32/STM32CubeIDE_1.15.1/STM32CubeIDE/plugins/com.st.stm32cube.ide.mcu.externaltools.gnu-tools-for-stm32.12.3.rel1.win32_1.0.100.202403111256/tools/bin/../lib/gcc/arm-none-eabi/12.3.1/thumb/v7e-m+fp/hard/crtn.o
 *(.fini)
 .fini          0x08005dd8        0x4 D:/STM32/STM32CubeIDE_1.15.1/STM32CubeIDE/plugins/com.st.stm32cube.ide.mcu.externaltools.gnu-tools-for-stm32.12.3.rel1.win32_1.0.100.202403111256/tools/bin/../lib/gcc/arm-none-eabi/12.3.1/thumb/v7e-m+fp/hard/crti.o
                0x08005dd8                _fini
 .fini          0x08005ddc        0x8 D:/STM32/STM32CubeIDE_1.15.1/STM32CubeIDE/plugins/com.st.stm32cube.ide.mcu.externaltools.gnu-tools-for-stm32.12.3.rel1.win32_1.0.100.202403111256/tools/bin/../lib/gcc/arm-none-eabi/12.3.1/thumb/v7e-m+fp/hard/crtn.o
                0x08005de4                        . = ALIGN (0x4)
                0x08005de4                        _etext = .

.vfp11_veneer   0x08005de4        0x0
 .vfp11_veneer  0x08005de4        0x0 linker stubs

.v4_bx          0x08005de4        0x0
 .v4_bx         0x08005de4        0x0 linker stubs

.iplt           0x08005de4        0x0
 .iplt          0x08005de4        0x0 D:/STM32/STM32CubeIDE_1.15.1/STM32CubeIDE/plugins/com.st.stm32cube.ide.mcu.externaltools.gnu-tools-for-stm32.12.3.rel1.win32_1.0.100.202403111256/tools/bin/../lib/gcc/arm-none-eabi/12.3.1/thumb/v7e-m+fp/hard/crtbegin.o

.rodata         0x08005de4       0x90
                0x08005de4                        . = ALIGN (0x4)
 *(.rodata)
 .rodata        0x08005de4        0xc ./Core/Src/freertos.o
 .rodata        0x08005df0        0x5 ./Middlewares/Third_Party/FreeRTOS/Source/tasks.o
 *fill*         0x08005df5        0x3 
 .rodata        0x08005df8        0xd ./Middlewares/Third_Party/FreeRTOS/Source/timers.o
 *(.rodata*)
 *fill*         0x08005e05        0x3 
 .rodata.defaultTask_attributes
                0x08005e08       0x24 ./Core/Src/freertos.o
                0x08005e08                defaultTask_attributes
 .rodata.AHBPrescTable
                0x08005e2c       0x10 ./Core/Src/system_stm32l4xx.o
                0x08005e2c                AHBPrescTable
 .rodata.APBPrescTable
                0x08005e3c        0x8 ./Core/Src/system_stm32l4xx.o
                0x08005e3c                APBPrescTable
 .rodata.MSIRangeTable
                0x08005e44       0x30 ./Core/Src/system_stm32l4xx.o
                0x08005e44                MSIRangeTable
                0x08005e74                        . = ALIGN (0x4)

.ARM.extab      0x08005e74        0x0
                0x08005e74                        . = ALIGN (0x4)
 *(.ARM.extab* .gnu.linkonce.armextab.*)
                0x08005e74                        . = ALIGN (0x4)

.ARM            0x08005e74        0x8
                0x08005e74                        . = ALIGN (0x4)
                0x08005e74                        __exidx_start = .
 *(.ARM.exidx*)
 .ARM.exidx     0x08005e74        0x8 D:/STM32/STM32CubeIDE_1.15.1/STM32CubeIDE/plugins/com.st.stm32cube.ide.mcu.externaltools.gnu-tools-for-stm32.12.3.rel1.win32_1.0.100.202403111256/tools/bin/../lib/gcc/arm-none-eabi/12.3.1/thumb/v7e-m+fp/hard\libgcc.a(_udivmoddi4.o)
                0x08005e7c                        __exidx_end = .
                0x08005e7c                        . = ALIGN (0x4)

.preinit_array  0x08005e7c        0x0
                0x08005e7c                        . = ALIGN (0x4)
                0x08005e7c                        PROVIDE (__preinit_array_start = .)
 *(.preinit_array*)
                0x08005e7c                        PROVIDE (__preinit_array_end = .)
                0x08005e7c                        . = ALIGN (0x4)

.init_array     0x08005e7c        0x4
                0x08005e7c                        . = ALIGN (0x4)
                0x08005e7c                        PROVIDE (__init_array_start = .)
 *(SORT_BY_NAME(.init_array.*))
 *(.init_array*)
 .init_array    0x08005e7c        0x4 D:/STM32/STM32CubeIDE_1.15.1/STM32CubeIDE/plugins/com.st.stm32cube.ide.mcu.externaltools.gnu-tools-for-stm32.12.3.rel1.win32_1.0.100.202403111256/tools/bin/../lib/gcc/arm-none-eabi/12.3.1/thumb/v7e-m+fp/hard/crtbegin.o
                0x08005e80                        PROVIDE (__init_array_end = .)
                0x08005e80                        . = ALIGN (0x4)

.fini_array     0x08005e80        0x4
                0x08005e80                        . = ALIGN (0x4)
                [!provide]                        PROVIDE (__fini_array_start = .)
 *(SORT_BY_NAME(.fini_array.*))
 *(.fini_array*)
 .fini_array    0x08005e80        0x4 D:/STM32/STM32CubeIDE_1.15.1/STM32CubeIDE/plugins/com.st.stm32cube.ide.mcu.externaltools.gnu-tools-for-stm32.12.3.rel1.win32_1.0.100.202403111256/tools/bin/../lib/gcc/arm-none-eabi/12.3.1/thumb/v7e-m+fp/hard/crtbegin.o
                [!provide]                        PROVIDE (__fini_array_end = .)
                0x08005e84                        . = ALIGN (0x4)
                0x08005e84                        _sidata = LOADADDR (.data)

.rel.dyn        0x08005e84        0x0
 .rel.iplt      0x08005e84        0x0 D:/STM32/STM32CubeIDE_1.15.1/STM32CubeIDE/plugins/com.st.stm32cube.ide.mcu.externaltools.gnu-tools-for-stm32.12.3.rel1.win32_1.0.100.202403111256/tools/bin/../lib/gcc/arm-none-eabi/12.3.1/thumb/v7e-m+fp/hard/crtbegin.o

.data           0x20000000       0x10 load address 0x08005e84
                0x20000000                        . = ALIGN (0x4)
                0x20000000                        _sdata = .
 *(.data)
 *(.data*)
 .data.SystemCoreClock
                0x20000000        0x4 ./Core/Src/system_stm32l4xx.o
                0x20000000                SystemCoreClock
 .data.uwTickPrio
                0x20000004        0x4 ./Drivers/STM32L4xx_HAL_Driver/Src/stm32l4xx_hal.o
                0x20000004                uwTickPrio
 .data.uwTickFreq
                0x20000008        0x1 ./Drivers/STM32L4xx_HAL_Driver/Src/stm32l4xx_hal.o
                0x20000008                uwTickFreq
 *fill*         0x20000009        0x3 
 .data.uxCriticalNesting
                0x2000000c        0x4 ./Middlewares/Third_Party/FreeRTOS/Source/portable/GCC/ARM_CM4F/port.o
 *(.RamFunc)
 *(.RamFunc*)
                0x20000010                        . = ALIGN (0x4)
                0x20000010                        _edata = .

.igot.plt       0x20000010        0x0 load address 0x08005e94
 .igot.plt      0x20000010        0x0 D:/STM32/STM32CubeIDE_1.15.1/STM32CubeIDE/plugins/com.st.stm32cube.ide.mcu.externaltools.gnu-tools-for-stm32.12.3.rel1.win32_1.0.100.202403111256/tools/bin/../lib/gcc/arm-none-eabi/12.3.1/thumb/v7e-m+fp/hard/crtbegin.o
                0x20000010                        . = ALIGN (0x4)

.bss            0x20000010     0x1a00 load address 0x08005e94
                0x20000010                        _sbss = .
                0x20000010                        __bss_start__ = _sbss
 *(.bss)
 .bss           0x20000010       0x1c D:/STM32/STM32CubeIDE_1.15.1/STM32CubeIDE/plugins/com.st.stm32cube.ide.mcu.externaltools.gnu-tools-for-stm32.12.3.rel1.win32_1.0.100.202403111256/tools/bin/../lib/gcc/arm-none-eabi/12.3.1/thumb/v7e-m+fp/hard/crtbegin.o
 *(.bss*)
 .bss.defaultTaskHandle
                0x2000002c        0x4 ./Core/Src/freertos.o
                0x2000002c                defaultTaskHandle
 .bss.htim6     0x20000030       0x4c ./Core/Src/tim.o
                0x20000030                htim6
 .bss.huart2    0x2000007c       0x88 ./Core/Src/usart.o
                0x2000007c                huart2
 .bss.uwTick    0x20000104        0x4 ./Drivers/STM32L4xx_HAL_Driver/Src/stm32l4xx_hal.o
                0x20000104                uwTick
 .bss.KernelState
                0x20000108        0x4 ./Middlewares/Third_Party/FreeRTOS/Source/CMSIS_RTOS_V2/cmsis_os2.o
 .bss.Idle_TCB.3
                0x2000010c       0x5c ./Middlewares/Third_Party/FreeRTOS/Source/CMSIS_RTOS_V2/cmsis_os2.o
 .bss.Idle_Stack.2
                0x20000168      0x200 ./Middlewares/Third_Party/FreeRTOS/Source/CMSIS_RTOS_V2/cmsis_os2.o
 .bss.Timer_TCB.1
                0x20000368       0x5c ./Middlewares/Third_Party/FreeRTOS/Source/CMSIS_RTOS_V2/cmsis_os2.o
 .bss.Timer_Stack.0
                0x200003c4      0x400 ./Middlewares/Third_Party/FreeRTOS/Source/CMSIS_RTOS_V2/cmsis_os2.o
 .bss.xQueueRegistry
                0x200007c4       0x40 ./Middlewares/Third_Party/FreeRTOS/Source/queue.o
                0x200007c4                xQueueRegistry
 .bss.pxCurrentTCB
                0x20000804        0x4 ./Middlewares/Third_Party/FreeRTOS/Source/tasks.o
                0x20000804                pxCurrentTCB
 .bss.pxReadyTasksLists
                0x20000808      0x460 ./Middlewares/Third_Party/FreeRTOS/Source/tasks.o
 .bss.xDelayedTaskList1
                0x20000c68       0x14 ./Middlewares/Third_Party/FreeRTOS/Source/tasks.o
 .bss.xDelayedTaskList2
                0x20000c7c       0x14 ./Middlewares/Third_Party/FreeRTOS/Source/tasks.o
 .bss.pxDelayedTaskList
                0x20000c90        0x4 ./Middlewares/Third_Party/FreeRTOS/Source/tasks.o
 .bss.pxOverflowDelayedTaskList
                0x20000c94        0x4 ./Middlewares/Third_Party/FreeRTOS/Source/tasks.o
 .bss.xPendingReadyList
                0x20000c98       0x14 ./Middlewares/Third_Party/FreeRTOS/Source/tasks.o
 .bss.xTasksWaitingTermination
                0x20000cac       0x14 ./Middlewares/Third_Party/FreeRTOS/Source/tasks.o
 .bss.uxDeletedTasksWaitingCleanUp
                0x20000cc0        0x4 ./Middlewares/Third_Party/FreeRTOS/Source/tasks.o
 .bss.xSuspendedTaskList
                0x20000cc4       0x14 ./Middlewares/Third_Party/FreeRTOS/Source/tasks.o
 .bss.uxCurrentNumberOfTasks
                0x20000cd8        0x4 ./Middlewares/Third_Party/FreeRTOS/Source/tasks.o
 .bss.xTickCount
                0x20000cdc        0x4 ./Middlewares/Third_Party/FreeRTOS/Source/tasks.o
 .bss.uxTopReadyPriority
                0x20000ce0        0x4 ./Middlewares/Third_Party/FreeRTOS/Source/tasks.o
 .bss.xSchedulerRunning
                0x20000ce4        0x4 ./Middlewares/Third_Party/FreeRTOS/Source/tasks.o
 .bss.xPendedTicks
                0x20000ce8        0x4 ./Middlewares/Third_Party/FreeRTOS/Source/tasks.o
 .bss.xYieldPending
                0x20000cec        0x4 ./Middlewares/Third_Party/FreeRTOS/Source/tasks.o
 .bss.xNumOfOverflows
                0x20000cf0        0x4 ./Middlewares/Third_Party/FreeRTOS/Source/tasks.o
 .bss.uxTaskNumber
                0x20000cf4        0x4 ./Middlewares/Third_Party/FreeRTOS/Source/tasks.o
 .bss.xNextTaskUnblockTime
                0x20000cf8        0x4 ./Middlewares/Third_Party/FreeRTOS/Source/tasks.o
 .bss.xIdleTaskHandle
                0x20000cfc        0x4 ./Middlewares/Third_Party/FreeRTOS/Source/tasks.o
 .bss.uxSchedulerSuspended
                0x20000d00        0x4 ./Middlewares/Third_Party/FreeRTOS/Source/tasks.o
 .bss.xActiveTimerList1
                0x20000d04       0x14 ./Middlewares/Third_Party/FreeRTOS/Source/timers.o
 .bss.xActiveTimerList2
                0x20000d18       0x14 ./Middlewares/Third_Party/FreeRTOS/Source/timers.o
 .bss.pxCurrentTimerList
                0x20000d2c        0x4 ./Middlewares/Third_Party/FreeRTOS/Source/timers.o
 .bss.pxOverflowTimerList
                0x20000d30        0x4 ./Middlewares/Third_Party/FreeRTOS/Source/timers.o
 .bss.xTimerQueue
                0x20000d34        0x4 ./Middlewares/Third_Party/FreeRTOS/Source/timers.o
 .bss.xTimerTaskHandle
                0x20000d38        0x4 ./Middlewares/Third_Party/FreeRTOS/Source/timers.o
 .bss.xLastTime.2
                0x20000d3c        0x4 ./Middlewares/Third_Party/FreeRTOS/Source/timers.o
 .bss.ucStaticTimerQueueStorage.1
                0x20000d40       0xa0 ./Middlewares/Third_Party/FreeRTOS/Source/timers.o
 .bss.xStaticTimerQueue.0
                0x20000de0       0x50 ./Middlewares/Third_Party/FreeRTOS/Source/timers.o
 .bss.ucMaxSysCallPriority
                0x20000e30        0x1 ./Middlewares/Third_Party/FreeRTOS/Source/portable/GCC/ARM_CM4F/port.o
 *fill*         0x20000e31        0x3 
 .bss.ulMaxPRIGROUPValue
                0x20000e34        0x4 ./Middlewares/Third_Party/FreeRTOS/Source/portable/GCC/ARM_CM4F/port.o
 .bss.ucHeap    0x20000e38      0xbb8 ./Middlewares/Third_Party/FreeRTOS/Source/portable/MemMang/heap_4.o
 .bss.xStart    0x200019f0        0x8 ./Middlewares/Third_Party/FreeRTOS/Source/portable/MemMang/heap_4.o
 .bss.pxEnd     0x200019f8        0x4 ./Middlewares/Third_Party/FreeRTOS/Source/portable/MemMang/heap_4.o
 .bss.xFreeBytesRemaining
                0x200019fc        0x4 ./Middlewares/Third_Party/FreeRTOS/Source/portable/MemMang/heap_4.o
 .bss.xMinimumEverFreeBytesRemaining
                0x20001a00        0x4 ./Middlewares/Third_Party/FreeRTOS/Source/portable/MemMang/heap_4.o
 .bss.xNumberOfSuccessfulAllocations
                0x20001a04        0x4 ./Middlewares/Third_Party/FreeRTOS/Source/portable/MemMang/heap_4.o
 .bss.xNumberOfSuccessfulFrees
                0x20001a08        0x4 ./Middlewares/Third_Party/FreeRTOS/Source/portable/MemMang/heap_4.o
 .bss.xBlockAllocatedBit
                0x20001a0c        0x4 ./Middlewares/Third_Party/FreeRTOS/Source/portable/MemMang/heap_4.o
 *(COMMON)
                0x20001a10                        . = ALIGN (0x4)
                0x20001a10                        _ebss = .
                0x20001a10                        __bss_end__ = _ebss

._user_heap_stack
                0x20001a10      0x600 load address 0x08005e94
                0x20001a10                        . = ALIGN (0x8)
                [!provide]                        PROVIDE (end = .)
                0x20001a10                        PROVIDE (_end = .)
                0x20001c10                        . = (. + _Min_Heap_Size)
 *fill*         0x20001a10      0x200 
                0x20002010                        . = (. + _Min_Stack_Size)
 *fill*         0x20001c10      0x400 
                0x20002010                        . = ALIGN (0x8)

/DISCARD/
 libc.a(*)
 libm.a(*)
 libgcc.a(*)

.ARM.attributes
                0x00000000       0x30
 *(.ARM.attributes)
 .ARM.attributes
                0x00000000       0x22 D:/STM32/STM32CubeIDE_1.15.1/STM32CubeIDE/plugins/com.st.stm32cube.ide.mcu.externaltools.gnu-tools-for-stm32.12.3.rel1.win32_1.0.100.202403111256/tools/bin/../lib/gcc/arm-none-eabi/12.3.1/thumb/v7e-m+fp/hard/crti.o
 .ARM.attributes
                0x00000022       0x34 D:/STM32/STM32CubeIDE_1.15.1/STM32CubeIDE/plugins/com.st.stm32cube.ide.mcu.externaltools.gnu-tools-for-stm32.12.3.rel1.win32_1.0.100.202403111256/tools/bin/../lib/gcc/arm-none-eabi/12.3.1/thumb/v7e-m+fp/hard/crtbegin.o
 .ARM.attributes
                0x00000056       0x34 ./Core/Src/freertos.o
 .ARM.attributes
                0x0000008a       0x34 ./Core/Src/gpio.o
 .ARM.attributes
                0x000000be       0x34 ./Core/Src/main.o
 .ARM.attributes
                0x000000f2       0x34 ./Core/Src/stm32l4xx_hal_msp.o
 .ARM.attributes
                0x00000126       0x34 ./Core/Src/stm32l4xx_it.o
 .ARM.attributes
                0x0000015a       0x34 ./Core/Src/system_stm32l4xx.o
 .ARM.attributes
                0x0000018e       0x34 ./Core/Src/tim.o
 .ARM.attributes
                0x000001c2       0x34 ./Core/Src/usart.o
 .ARM.attributes
                0x000001f6       0x21 ./Core/Startup/startup_stm32l432kcux.o
 .ARM.attributes
                0x00000217       0x34 ./Drivers/STM32L4xx_HAL_Driver/Src/stm32l4xx_hal.o
 .ARM.attributes
                0x0000024b       0x34 ./Drivers/STM32L4xx_HAL_Driver/Src/stm32l4xx_hal_cortex.o
 .ARM.attributes
                0x0000027f       0x34 ./Drivers/STM32L4xx_HAL_Driver/Src/stm32l4xx_hal_gpio.o
 .ARM.attributes
                0x000002b3       0x34 ./Drivers/STM32L4xx_HAL_Driver/Src/stm32l4xx_hal_pwr.o
 .ARM.attributes
                0x000002e7       0x34 ./Drivers/STM32L4xx_HAL_Driver/Src/stm32l4xx_hal_pwr_ex.o
 .ARM.attributes
                0x0000031b       0x34 ./Drivers/STM32L4xx_HAL_Driver/Src/stm32l4xx_hal_rcc.o
 .ARM.attributes
                0x0000034f       0x34 ./Drivers/STM32L4xx_HAL_Driver/Src/stm32l4xx_hal_rcc_ex.o
 .ARM.attributes
                0x00000383       0x34 ./Drivers/STM32L4xx_HAL_Driver/Src/stm32l4xx_hal_tim.o
 .ARM.attributes
                0x000003b7       0x34 ./Drivers/STM32L4xx_HAL_Driver/Src/stm32l4xx_hal_tim_ex.o
 .ARM.attributes
                0x000003eb       0x34 ./Drivers/STM32L4xx_HAL_Driver/Src/stm32l4xx_hal_uart.o
 .ARM.attributes
                0x0000041f       0x34 ./Middlewares/Third_Party/FreeRTOS/Source/CMSIS_RTOS_V2/cmsis_os2.o
 .ARM.attributes
                0x00000453       0x34 ./Middlewares/Third_Party/FreeRTOS/Source/list.o
 .ARM.attributes
                0x00000487       0x34 ./Middlewares/Third_Party/FreeRTOS/Source/queue.o
 .ARM.attributes
                0x000004bb       0x34 ./Middlewares/Third_Party/FreeRTOS/Source/tasks.o
 .ARM.attributes
                0x000004ef       0x34 ./Middlewares/Third_Party/FreeRTOS/Source/timers.o
 .ARM.attributes
                0x00000523       0x34 ./Middlewares/Third_Party/FreeRTOS/Source/portable/GCC/ARM_CM4F/port.o
 .ARM.attributes
                0x00000557       0x34 ./Middlewares/Third_Party/FreeRTOS/Source/portable/MemMang/heap_4.o
 .ARM.attributes
                0x0000058b       0x34 D:/STM32/STM32CubeIDE_1.15.1/STM32CubeIDE/plugins/com.st.stm32cube.ide.mcu.externaltools.gnu-tools-for-stm32.12.3.rel1.win32_1.0.100.202403111256/tools/bin/../lib/gcc/arm-none-eabi/12.3.1/../../../../arm-none-eabi/lib/thumb/v7e-m+fp/hard\libc_nano.a(libc_a-memset.o)
 .ARM.attributes
                0x000005bf       0x34 D:/STM32/STM32CubeIDE_1.15.1/STM32CubeIDE/plugins/com.st.stm32cube.ide.mcu.externaltools.gnu-tools-for-stm32.12.3.rel1.win32_1.0.100.202403111256/tools/bin/../lib/gcc/arm-none-eabi/12.3.1/../../../../arm-none-eabi/lib/thumb/v7e-m+fp/hard\libc_nano.a(libc_a-init.o)
 .ARM.attributes
                0x000005f3       0x34 D:/STM32/STM32CubeIDE_1.15.1/STM32CubeIDE/plugins/com.st.stm32cube.ide.mcu.externaltools.gnu-tools-for-stm32.12.3.rel1.win32_1.0.100.202403111256/tools/bin/../lib/gcc/arm-none-eabi/12.3.1/../../../../arm-none-eabi/lib/thumb/v7e-m+fp/hard\libc_nano.a(libc_a-memcpy-stub.o)
 .ARM.attributes
                0x00000627       0x22 D:/STM32/STM32CubeIDE_1.15.1/STM32CubeIDE/plugins/com.st.stm32cube.ide.mcu.externaltools.gnu-tools-for-stm32.12.3.rel1.win32_1.0.100.202403111256/tools/bin/../lib/gcc/arm-none-eabi/12.3.1/thumb/v7e-m+fp/hard\libgcc.a(_aeabi_uldivmod.o)
 .ARM.attributes
                0x00000649       0x34 D:/STM32/STM32CubeIDE_1.15.1/STM32CubeIDE/plugins/com.st.stm32cube.ide.mcu.externaltools.gnu-tools-for-stm32.12.3.rel1.win32_1.0.100.202403111256/tools/bin/../lib/gcc/arm-none-eabi/12.3.1/thumb/v7e-m+fp/hard\libgcc.a(_udivmoddi4.o)
 .ARM.attributes
                0x0000067d       0x22 D:/STM32/STM32CubeIDE_1.15.1/STM32CubeIDE/plugins/com.st.stm32cube.ide.mcu.externaltools.gnu-tools-for-stm32.12.3.rel1.win32_1.0.100.202403111256/tools/bin/../lib/gcc/arm-none-eabi/12.3.1/thumb/v7e-m+fp/hard\libgcc.a(_dvmd_tls.o)
 .ARM.attributes
                0x0000069f       0x22 D:/STM32/STM32CubeIDE_1.15.1/STM32CubeIDE/plugins/com.st.stm32cube.ide.mcu.externaltools.gnu-tools-for-stm32.12.3.rel1.win32_1.0.100.202403111256/tools/bin/../lib/gcc/arm-none-eabi/12.3.1/thumb/v7e-m+fp/hard/crtn.o
OUTPUT(00_L432KC.elf elf32-littlearm)
LOAD linker stubs
LOAD D:/STM32/STM32CubeIDE_1.15.1/STM32CubeIDE/plugins/com.st.stm32cube.ide.mcu.externaltools.gnu-tools-for-stm32.12.3.rel1.win32_1.0.100.202403111256/tools/bin/../lib/gcc/arm-none-eabi/12.3.1/../../../../arm-none-eabi/lib/thumb/v7e-m+fp/hard\libc.a
LOAD D:/STM32/STM32CubeIDE_1.15.1/STM32CubeIDE/plugins/com.st.stm32cube.ide.mcu.externaltools.gnu-tools-for-stm32.12.3.rel1.win32_1.0.100.202403111256/tools/bin/../lib/gcc/arm-none-eabi/12.3.1/../../../../arm-none-eabi/lib/thumb/v7e-m+fp/hard\libm.a
LOAD D:/STM32/STM32CubeIDE_1.15.1/STM32CubeIDE/plugins/com.st.stm32cube.ide.mcu.externaltools.gnu-tools-for-stm32.12.3.rel1.win32_1.0.100.202403111256/tools/bin/../lib/gcc/arm-none-eabi/12.3.1/thumb/v7e-m+fp/hard\libgcc.a

.debug_info     0x00000000    0x19dc3
 .debug_info    0x00000000      0x38d ./Core/Src/freertos.o
 .debug_info    0x0000038d      0x457 ./Core/Src/gpio.o
 .debug_info    0x000007e4      0xcb4 ./Core/Src/main.o
 .debug_info    0x00001498      0x49b ./Core/Src/stm32l4xx_hal_msp.o
 .debug_info    0x00001933      0x710 ./Core/Src/stm32l4xx_it.o
 .debug_info    0x00002043      0x5bf ./Core/Src/system_stm32l4xx.o
 .debug_info    0x00002602      0xbb4 ./Core/Src/tim.o
 .debug_info    0x000031b6      0xc50 ./Core/Src/usart.o
 .debug_info    0x00003e06       0x30 ./Core/Startup/startup_stm32l432kcux.o
 .debug_info    0x00003e36      0x99e ./Drivers/STM32L4xx_HAL_Driver/Src/stm32l4xx_hal.o
 .debug_info    0x000047d4      0xcce ./Drivers/STM32L4xx_HAL_Driver/Src/stm32l4xx_hal_cortex.o
 .debug_info    0x000054a2      0x757 ./Drivers/STM32L4xx_HAL_Driver/Src/stm32l4xx_hal_gpio.o
 .debug_info    0x00005bf9      0x92c ./Drivers/STM32L4xx_HAL_Driver/Src/stm32l4xx_hal_pwr.o
 .debug_info    0x00006525      0x920 ./Drivers/STM32L4xx_HAL_Driver/Src/stm32l4xx_hal_pwr_ex.o
 .debug_info    0x00006e45      0xbc3 ./Drivers/STM32L4xx_HAL_Driver/Src/stm32l4xx_hal_rcc.o
 .debug_info    0x00007a08      0xee5 ./Drivers/STM32L4xx_HAL_Driver/Src/stm32l4xx_hal_rcc_ex.o
 .debug_info    0x000088ed     0x2a9a ./Drivers/STM32L4xx_HAL_Driver/Src/stm32l4xx_hal_tim.o
 .debug_info    0x0000b387     0x169e ./Drivers/STM32L4xx_HAL_Driver/Src/stm32l4xx_hal_tim_ex.o
 .debug_info    0x0000ca25     0x3b77 ./Drivers/STM32L4xx_HAL_Driver/Src/stm32l4xx_hal_uart.o
 .debug_info    0x0001059c     0x39d8 ./Middlewares/Third_Party/FreeRTOS/Source/CMSIS_RTOS_V2/cmsis_os2.o
 .debug_info    0x00013f74      0x2af ./Middlewares/Third_Party/FreeRTOS/Source/list.o
 .debug_info    0x00014223     0x1b79 ./Middlewares/Third_Party/FreeRTOS/Source/queue.o
 .debug_info    0x00015d9c     0x21ec ./Middlewares/Third_Party/FreeRTOS/Source/tasks.o
 .debug_info    0x00017f88     0x1488 ./Middlewares/Third_Party/FreeRTOS/Source/timers.o
 .debug_info    0x00019410      0x4de ./Middlewares/Third_Party/FreeRTOS/Source/portable/GCC/ARM_CM4F/port.o
 .debug_info    0x000198ee      0x4d5 ./Middlewares/Third_Party/FreeRTOS/Source/portable/MemMang/heap_4.o

.debug_abbrev   0x00000000     0x39df
 .debug_abbrev  0x00000000      0x12c ./Core/Src/freertos.o
 .debug_abbrev  0x0000012c      0x152 ./Core/Src/gpio.o
 .debug_abbrev  0x0000027e      0x256 ./Core/Src/main.o
 .debug_abbrev  0x000004d4      0x107 ./Core/Src/stm32l4xx_hal_msp.o
 .debug_abbrev  0x000005db      0x1bb ./Core/Src/stm32l4xx_it.o
 .debug_abbrev  0x00000796      0x11a ./Core/Src/system_stm32l4xx.o
 .debug_abbrev  0x000008b0      0x1f7 ./Core/Src/tim.o
 .debug_abbrev  0x00000aa7      0x1f5 ./Core/Src/usart.o
 .debug_abbrev  0x00000c9c       0x24 ./Core/Startup/startup_stm32l432kcux.o
 .debug_abbrev  0x00000cc0      0x225 ./Drivers/STM32L4xx_HAL_Driver/Src/stm32l4xx_hal.o
 .debug_abbrev  0x00000ee5      0x327 ./Drivers/STM32L4xx_HAL_Driver/Src/stm32l4xx_hal_cortex.o
 .debug_abbrev  0x0000120c      0x1cb ./Drivers/STM32L4xx_HAL_Driver/Src/stm32l4xx_hal_gpio.o
 .debug_abbrev  0x000013d7      0x1d4 ./Drivers/STM32L4xx_HAL_Driver/Src/stm32l4xx_hal_pwr.o
 .debug_abbrev  0x000015ab      0x1f9 ./Drivers/STM32L4xx_HAL_Driver/Src/stm32l4xx_hal_pwr_ex.o
 .debug_abbrev  0x000017a4      0x2cb ./Drivers/STM32L4xx_HAL_Driver/Src/stm32l4xx_hal_rcc.o
 .debug_abbrev  0x00001a6f      0x2a1 ./Drivers/STM32L4xx_HAL_Driver/Src/stm32l4xx_hal_rcc_ex.o
 .debug_abbrev  0x00001d10      0x278 ./Drivers/STM32L4xx_HAL_Driver/Src/stm32l4xx_hal_tim.o
 .debug_abbrev  0x00001f88      0x283 ./Drivers/STM32L4xx_HAL_Driver/Src/stm32l4xx_hal_tim_ex.o
 .debug_abbrev  0x0000220b      0x2d0 ./Drivers/STM32L4xx_HAL_Driver/Src/stm32l4xx_hal_uart.o
 .debug_abbrev  0x000024db      0x508 ./Middlewares/Third_Party/FreeRTOS/Source/CMSIS_RTOS_V2/cmsis_os2.o
 .debug_abbrev  0x000029e3       0xf5 ./Middlewares/Third_Party/FreeRTOS/Source/list.o
 .debug_abbrev  0x00002ad8      0x3b6 ./Middlewares/Third_Party/FreeRTOS/Source/queue.o
 .debug_abbrev  0x00002e8e      0x386 ./Middlewares/Third_Party/FreeRTOS/Source/tasks.o
 .debug_abbrev  0x00003214      0x352 ./Middlewares/Third_Party/FreeRTOS/Source/timers.o
 .debug_abbrev  0x00003566      0x25c ./Middlewares/Third_Party/FreeRTOS/Source/portable/GCC/ARM_CM4F/port.o
 .debug_abbrev  0x000037c2      0x21d ./Middlewares/Third_Party/FreeRTOS/Source/portable/MemMang/heap_4.o

.debug_aranges  0x00000000     0x16f8
 .debug_aranges
                0x00000000       0x28 ./Core/Src/freertos.o
 .debug_aranges
                0x00000028       0x20 ./Core/Src/gpio.o
 .debug_aranges
                0x00000048       0x38 ./Core/Src/main.o
 .debug_aranges
                0x00000080       0x20 ./Core/Src/stm32l4xx_hal_msp.o
 .debug_aranges
                0x000000a0       0x58 ./Core/Src/stm32l4xx_it.o
 .debug_aranges
                0x000000f8       0x28 ./Core/Src/system_stm32l4xx.o
 .debug_aranges
                0x00000120       0x30 ./Core/Src/tim.o
 .debug_aranges
                0x00000150       0x30 ./Core/Src/usart.o
 .debug_aranges
                0x00000180       0x28 ./Core/Startup/startup_stm32l432kcux.o
 .debug_aranges
                0x000001a8      0x108 ./Drivers/STM32L4xx_HAL_Driver/Src/stm32l4xx_hal.o
 .debug_aranges
                0x000002b0      0x118 ./Drivers/STM32L4xx_HAL_Driver/Src/stm32l4xx_hal_cortex.o
 .debug_aranges
                0x000003c8       0x58 ./Drivers/STM32L4xx_HAL_Driver/Src/stm32l4xx_hal_gpio.o
 .debug_aranges
                0x00000420       0x98 ./Drivers/STM32L4xx_HAL_Driver/Src/stm32l4xx_hal_pwr.o
 .debug_aranges
                0x000004b8      0x128 ./Drivers/STM32L4xx_HAL_Driver/Src/stm32l4xx_hal_pwr_ex.o
 .debug_aranges
                0x000005e0       0x90 ./Drivers/STM32L4xx_HAL_Driver/Src/stm32l4xx_hal_rcc.o
 .debug_aranges
                0x00000670       0xf0 ./Drivers/STM32L4xx_HAL_Driver/Src/stm32l4xx_hal_rcc_ex.o
 .debug_aranges
                0x00000760      0x3e0 ./Drivers/STM32L4xx_HAL_Driver/Src/stm32l4xx_hal_tim.o
 .debug_aranges
                0x00000b40      0x180 ./Drivers/STM32L4xx_HAL_Driver/Src/stm32l4xx_hal_tim_ex.o
 .debug_aranges
                0x00000cc0      0x228 ./Drivers/STM32L4xx_HAL_Driver/Src/stm32l4xx_hal_uart.o
 .debug_aranges
                0x00000ee8      0x2a8 ./Middlewares/Third_Party/FreeRTOS/Source/CMSIS_RTOS_V2/cmsis_os2.o
 .debug_aranges
                0x00001190       0x40 ./Middlewares/Third_Party/FreeRTOS/Source/list.o
 .debug_aranges
                0x000011d0      0x158 ./Middlewares/Third_Party/FreeRTOS/Source/queue.o
 .debug_aranges
                0x00001328      0x208 ./Middlewares/Third_Party/FreeRTOS/Source/tasks.o
 .debug_aranges
                0x00001530       0xf0 ./Middlewares/Third_Party/FreeRTOS/Source/timers.o
 .debug_aranges
                0x00001620       0x80 ./Middlewares/Third_Party/FreeRTOS/Source/portable/GCC/ARM_CM4F/port.o
 .debug_aranges
                0x000016a0       0x58 ./Middlewares/Third_Party/FreeRTOS/Source/portable/MemMang/heap_4.o

.debug_rnglists
                0x00000000     0x11ca
 .debug_rnglists
                0x00000000       0x19 ./Core/Src/freertos.o
 .debug_rnglists
                0x00000019       0x14 ./Core/Src/gpio.o
 .debug_rnglists
                0x0000002d       0x26 ./Core/Src/main.o
 .debug_rnglists
                0x00000053       0x13 ./Core/Src/stm32l4xx_hal_msp.o
 .debug_rnglists
                0x00000066       0x3d ./Core/Src/stm32l4xx_it.o
 .debug_rnglists
                0x000000a3       0x1a ./Core/Src/system_stm32l4xx.o
 .debug_rnglists
                0x000000bd       0x1f ./Core/Src/tim.o
 .debug_rnglists
                0x000000dc       0x20 ./Core/Src/usart.o
 .debug_rnglists
                0x000000fc       0x19 ./Core/Startup/startup_stm32l432kcux.o
 .debug_rnglists
                0x00000115       0xc1 ./Drivers/STM32L4xx_HAL_Driver/Src/stm32l4xx_hal.o
 .debug_rnglists
                0x000001d6       0xce ./Drivers/STM32L4xx_HAL_Driver/Src/stm32l4xx_hal_cortex.o
 .debug_rnglists
                0x000002a4       0x3f ./Drivers/STM32L4xx_HAL_Driver/Src/stm32l4xx_hal_gpio.o
 .debug_rnglists
                0x000002e3       0x6e ./Drivers/STM32L4xx_HAL_Driver/Src/stm32l4xx_hal_pwr.o
 .debug_rnglists
                0x00000351       0xdf ./Drivers/STM32L4xx_HAL_Driver/Src/stm32l4xx_hal_pwr_ex.o
 .debug_rnglists
                0x00000430       0x6d ./Drivers/STM32L4xx_HAL_Driver/Src/stm32l4xx_hal_rcc.o
 .debug_rnglists
                0x0000049d       0xba ./Drivers/STM32L4xx_HAL_Driver/Src/stm32l4xx_hal_rcc_ex.o
 .debug_rnglists
                0x00000557      0x328 ./Drivers/STM32L4xx_HAL_Driver/Src/stm32l4xx_hal_tim.o
 .debug_rnglists
                0x0000087f      0x139 ./Drivers/STM32L4xx_HAL_Driver/Src/stm32l4xx_hal_tim_ex.o
 .debug_rnglists
                0x000009b8      0x1db ./Drivers/STM32L4xx_HAL_Driver/Src/stm32l4xx_hal_uart.o
 .debug_rnglists
                0x00000b93      0x20c ./Middlewares/Third_Party/FreeRTOS/Source/CMSIS_RTOS_V2/cmsis_os2.o
 .debug_rnglists
                0x00000d9f       0x2b ./Middlewares/Third_Party/FreeRTOS/Source/list.o
 .debug_rnglists
                0x00000dca      0x109 ./Middlewares/Third_Party/FreeRTOS/Source/queue.o
 .debug_rnglists
                0x00000ed3      0x1a0 ./Middlewares/Third_Party/FreeRTOS/Source/tasks.o
 .debug_rnglists
                0x00001073       0xb8 ./Middlewares/Third_Party/FreeRTOS/Source/timers.o
 .debug_rnglists
                0x0000112b       0x5d ./Middlewares/Third_Party/FreeRTOS/Source/portable/GCC/ARM_CM4F/port.o
 .debug_rnglists
                0x00001188       0x42 ./Middlewares/Third_Party/FreeRTOS/Source/portable/MemMang/heap_4.o

.debug_macro    0x00000000    0x22833
 .debug_macro   0x00000000      0x259 ./Core/Src/freertos.o
 .debug_macro   0x00000259      0xab4 ./Core/Src/freertos.o
 .debug_macro   0x00000d0d      0x189 ./Core/Src/freertos.o
 .debug_macro   0x00000e96       0x22 ./Core/Src/freertos.o
 .debug_macro   0x00000eb8       0x8e ./Core/Src/freertos.o
 .debug_macro   0x00000f46       0x51 ./Core/Src/freertos.o
 .debug_macro   0x00000f97      0x103 ./Core/Src/freertos.o
 .debug_macro   0x0000109a       0x6a ./Core/Src/freertos.o
 .debug_macro   0x00001104      0x1df ./Core/Src/freertos.o
 .debug_macro   0x000012e3      0x169 ./Core/Src/freertos.o
 .debug_macro   0x0000144c      0x15a ./Core/Src/freertos.o
 .debug_macro   0x000015a6       0xc9 ./Core/Src/freertos.o
 .debug_macro   0x0000166f       0x1c ./Core/Src/freertos.o
 .debug_macro   0x0000168b       0x26 ./Core/Src/freertos.o
 .debug_macro   0x000016b1      0x4c5 ./Core/Src/freertos.o
 .debug_macro   0x00001b76       0xb5 ./Core/Src/freertos.o
 .debug_macro   0x00001c2b       0xaa ./Core/Src/freertos.o
 .debug_macro   0x00001cd5      0x1a7 ./Core/Src/freertos.o
 .debug_macro   0x00001e7c       0x2e ./Core/Src/freertos.o
 .debug_macro   0x00001eaa       0x28 ./Core/Src/freertos.o
 .debug_macro   0x00001ed2       0x1c ./Core/Src/freertos.o
 .debug_macro   0x00001eee       0x22 ./Core/Src/freertos.o
 .debug_macro   0x00001f10       0xfb ./Core/Src/freertos.o
 .debug_macro   0x0000200b     0x1011 ./Core/Src/freertos.o
 .debug_macro   0x0000301c      0x11f ./Core/Src/freertos.o
 .debug_macro   0x0000313b    0x147a6 ./Core/Src/freertos.o
 .debug_macro   0x000178e1       0x6d ./Core/Src/freertos.o
 .debug_macro   0x0001794e     0x38e6 ./Core/Src/freertos.o
 .debug_macro   0x0001b234       0x5c ./Core/Src/freertos.o
 .debug_macro   0x0001b290     0x11ca ./Core/Src/freertos.o
 .debug_macro   0x0001c45a      0x53c ./Core/Src/freertos.o
 .debug_macro   0x0001c996      0x1b9 ./Core/Src/freertos.o
 .debug_macro   0x0001cb4f      0x122 ./Core/Src/freertos.o
 .debug_macro   0x0001cc71      0x26b ./Core/Src/freertos.o
 .debug_macro   0x0001cedc      0x23d ./Core/Src/freertos.o
 .debug_macro   0x0001d119      0x241 ./Core/Src/freertos.o
 .debug_macro   0x0001d35a      0x375 ./Core/Src/freertos.o
 .debug_macro   0x0001d6cf       0xd6 ./Core/Src/freertos.o
 .debug_macro   0x0001d7a5      0x122 ./Core/Src/freertos.o
 .debug_macro   0x0001d8c7      0x356 ./Core/Src/freertos.o
 .debug_macro   0x0001dc1d      0xa98 ./Core/Src/freertos.o
 .debug_macro   0x0001e6b5      0x12d ./Core/Src/freertos.o
 .debug_macro   0x0001e7e2      0x5cf ./Core/Src/freertos.o
 .debug_macro   0x0001edb1       0x44 ./Core/Src/freertos.o
 .debug_macro   0x0001edf5      0x220 ./Core/Src/freertos.o
 .debug_macro   0x0001f015       0x4c ./Core/Src/freertos.o
 .debug_macro   0x0001f061       0x6c ./Core/Src/freertos.o
 .debug_macro   0x0001f0cd       0x74 ./Core/Src/freertos.o
 .debug_macro   0x0001f141       0xdd ./Core/Src/freertos.o
 .debug_macro   0x0001f21e      0x1d9 ./Core/Src/gpio.o
 .debug_macro   0x0001f3f7      0x28a ./Core/Src/main.o
 .debug_macro   0x0001f681      0x169 ./Core/Src/main.o
 .debug_macro   0x0001f7ea       0x66 ./Core/Src/main.o
 .debug_macro   0x0001f850       0x16 ./Core/Src/main.o
 .debug_macro   0x0001f866      0x1cf ./Core/Src/stm32l4xx_hal_msp.o
 .debug_macro   0x0001fa35      0x241 ./Core/Src/stm32l4xx_it.o
 .debug_macro   0x0001fc76      0x1c0 ./Core/Src/system_stm32l4xx.o
 .debug_macro   0x0001fe36      0x1d9 ./Core/Src/tim.o
 .debug_macro   0x0002000f      0x1d9 ./Core/Src/usart.o
 .debug_macro   0x000201e8      0x208 ./Drivers/STM32L4xx_HAL_Driver/Src/stm32l4xx_hal.o
 .debug_macro   0x000203f0      0x1c0 ./Drivers/STM32L4xx_HAL_Driver/Src/stm32l4xx_hal_cortex.o
 .debug_macro   0x000205b0      0x1c7 ./Drivers/STM32L4xx_HAL_Driver/Src/stm32l4xx_hal_gpio.o
 .debug_macro   0x00020777      0x1d8 ./Drivers/STM32L4xx_HAL_Driver/Src/stm32l4xx_hal_pwr.o
 .debug_macro   0x0002094f      0x1e4 ./Drivers/STM32L4xx_HAL_Driver/Src/stm32l4xx_hal_pwr_ex.o
 .debug_macro   0x00020b33      0x202 ./Drivers/STM32L4xx_HAL_Driver/Src/stm32l4xx_hal_rcc.o
 .debug_macro   0x00020d35      0x1f6 ./Drivers/STM32L4xx_HAL_Driver/Src/stm32l4xx_hal_rcc_ex.o
 .debug_macro   0x00020f2b      0x1c1 ./Drivers/STM32L4xx_HAL_Driver/Src/stm32l4xx_hal_tim.o
 .debug_macro   0x000210ec      0x1c0 ./Drivers/STM32L4xx_HAL_Driver/Src/stm32l4xx_hal_tim_ex.o
 .debug_macro   0x000212ac      0x1eb ./Drivers/STM32L4xx_HAL_Driver/Src/stm32l4xx_hal_uart.o
 .debug_macro   0x00021497      0x3b7 ./Middlewares/Third_Party/FreeRTOS/Source/CMSIS_RTOS_V2/cmsis_os2.o
 .debug_macro   0x0002184e       0x10 ./Middlewares/Third_Party/FreeRTOS/Source/CMSIS_RTOS_V2/cmsis_os2.o
 .debug_macro   0x0002185e       0x20 ./Middlewares/Third_Party/FreeRTOS/Source/CMSIS_RTOS_V2/cmsis_os2.o
 .debug_macro   0x0002187e       0x10 ./Middlewares/Third_Party/FreeRTOS/Source/CMSIS_RTOS_V2/cmsis_os2.o
 .debug_macro   0x0002188e       0xf5 ./Middlewares/Third_Party/FreeRTOS/Source/CMSIS_RTOS_V2/cmsis_os2.o
 .debug_macro   0x00021983       0x91 ./Middlewares/Third_Party/FreeRTOS/Source/CMSIS_RTOS_V2/cmsis_os2.o
 .debug_macro   0x00021a14       0x8d ./Middlewares/Third_Party/FreeRTOS/Source/CMSIS_RTOS_V2/cmsis_os2.o
 .debug_macro   0x00021aa1       0x9a ./Middlewares/Third_Party/FreeRTOS/Source/CMSIS_RTOS_V2/cmsis_os2.o
 .debug_macro   0x00021b3b       0x22 ./Middlewares/Third_Party/FreeRTOS/Source/CMSIS_RTOS_V2/cmsis_os2.o
 .debug_macro   0x00021b5d       0x56 ./Middlewares/Third_Party/FreeRTOS/Source/CMSIS_RTOS_V2/cmsis_os2.o
 .debug_macro   0x00021bb3      0x187 ./Middlewares/Third_Party/FreeRTOS/Source/list.o
 .debug_macro   0x00021d3a      0x216 ./Middlewares/Third_Party/FreeRTOS/Source/queue.o
 .debug_macro   0x00021f50       0x16 ./Middlewares/Third_Party/FreeRTOS/Source/queue.o
 .debug_macro   0x00021f66       0x87 ./Middlewares/Third_Party/FreeRTOS/Source/queue.o
 .debug_macro   0x00021fed      0x27f ./Middlewares/Third_Party/FreeRTOS/Source/tasks.o
 .debug_macro   0x0002226c       0x10 ./Middlewares/Third_Party/FreeRTOS/Source/tasks.o
 .debug_macro   0x0002227c      0x1dc ./Middlewares/Third_Party/FreeRTOS/Source/timers.o
 .debug_macro   0x00022458       0x97 ./Middlewares/Third_Party/FreeRTOS/Source/timers.o
 .debug_macro   0x000224ef      0x196 ./Middlewares/Third_Party/FreeRTOS/Source/portable/GCC/ARM_CM4F/port.o
 .debug_macro   0x00022685      0x1ae ./Middlewares/Third_Party/FreeRTOS/Source/portable/MemMang/heap_4.o

.debug_line     0x00000000    0x1a8a4
 .debug_line    0x00000000      0x8cb ./Core/Src/freertos.o
 .debug_line    0x000008cb      0x76a ./Core/Src/gpio.o
 .debug_line    0x00001035      0x9ae ./Core/Src/main.o
 .debug_line    0x000019e3      0x75c ./Core/Src/stm32l4xx_hal_msp.o
 .debug_line    0x0000213f      0x91c ./Core/Src/stm32l4xx_it.o
 .debug_line    0x00002a5b      0x7f6 ./Core/Src/system_stm32l4xx.o
 .debug_line    0x00003251      0x7b6 ./Core/Src/tim.o
 .debug_line    0x00003a07      0x7ed ./Core/Src/usart.o
 .debug_line    0x000041f4       0x7a ./Core/Startup/startup_stm32l432kcux.o
 .debug_line    0x0000426e      0xabe ./Drivers/STM32L4xx_HAL_Driver/Src/stm32l4xx_hal.o
 .debug_line    0x00004d2c      0xcf0 ./Drivers/STM32L4xx_HAL_Driver/Src/stm32l4xx_hal_cortex.o
 .debug_line    0x00005a1c      0xb60 ./Drivers/STM32L4xx_HAL_Driver/Src/stm32l4xx_hal_gpio.o
 .debug_line    0x0000657c      0x928 ./Drivers/STM32L4xx_HAL_Driver/Src/stm32l4xx_hal_pwr.o
 .debug_line    0x00006ea4      0xc4a ./Drivers/STM32L4xx_HAL_Driver/Src/stm32l4xx_hal_pwr_ex.o
 .debug_line    0x00007aee     0x1006 ./Drivers/STM32L4xx_HAL_Driver/Src/stm32l4xx_hal_rcc.o
 .debug_line    0x00008af4     0x1343 ./Drivers/STM32L4xx_HAL_Driver/Src/stm32l4xx_hal_rcc_ex.o
 .debug_line    0x00009e37     0x3c19 ./Drivers/STM32L4xx_HAL_Driver/Src/stm32l4xx_hal_tim.o
 .debug_line    0x0000da50     0x1b62 ./Drivers/STM32L4xx_HAL_Driver/Src/stm32l4xx_hal_tim_ex.o
 .debug_line    0x0000f5b2     0x31ce ./Drivers/STM32L4xx_HAL_Driver/Src/stm32l4xx_hal_uart.o
 .debug_line    0x00012780     0x238d ./Middlewares/Third_Party/FreeRTOS/Source/CMSIS_RTOS_V2/cmsis_os2.o
 .debug_line    0x00014b0d      0x7a5 ./Middlewares/Third_Party/FreeRTOS/Source/list.o
 .debug_line    0x000152b2     0x176f ./Middlewares/Third_Party/FreeRTOS/Source/queue.o
 .debug_line    0x00016a21     0x1e41 ./Middlewares/Third_Party/FreeRTOS/Source/tasks.o
 .debug_line    0x00018862      0xe2d ./Middlewares/Third_Party/FreeRTOS/Source/timers.o
 .debug_line    0x0001968f      0x845 ./Middlewares/Third_Party/FreeRTOS/Source/portable/GCC/ARM_CM4F/port.o
 .debug_line    0x00019ed4      0x9d0 ./Middlewares/Third_Party/FreeRTOS/Source/portable/MemMang/heap_4.o

.debug_str      0x00000000    0xd3627
 .debug_str     0x00000000    0xc5ed8 ./Core/Src/freertos.o
                              0xc61af (size before relaxing)
 .debug_str     0x000c5ed8      0x22e ./Core/Src/gpio.o
                              0xc1554 (size before relaxing)
 .debug_str     0x000c6106      0x812 ./Core/Src/main.o
                              0xc6740 (size before relaxing)
 .debug_str     0x000c6918      0x3c7 ./Core/Src/stm32l4xx_hal_msp.o
                              0xc1873 (size before relaxing)
 .debug_str     0x000c6cdf       0xec ./Core/Src/stm32l4xx_it.o
                              0xc56d6 (size before relaxing)
 .debug_str     0x000c6dcb       0xfc ./Core/Src/system_stm32l4xx.o
                              0xc144f (size before relaxing)
 .debug_str     0x000c6ec7      0x10b ./Core/Src/tim.o
                              0xc1eb4 (size before relaxing)
 .debug_str     0x000c6fd2      0x431 ./Core/Src/usart.o
                              0xc1b90 (size before relaxing)
 .debug_str     0x000c7403       0x44 ./Core/Startup/startup_stm32l432kcux.o
                                 0x5b (size before relaxing)
 .debug_str     0x000c7447      0x56e ./Drivers/STM32L4xx_HAL_Driver/Src/stm32l4xx_hal.o
                              0xc1ddc (size before relaxing)
 .debug_str     0x000c79b5      0x314 ./Drivers/STM32L4xx_HAL_Driver/Src/stm32l4xx_hal_cortex.o
                              0xc1b7d (size before relaxing)
 .debug_str     0x000c7cc9      0x110 ./Drivers/STM32L4xx_HAL_Driver/Src/stm32l4xx_hal_gpio.o
                              0xc15c3 (size before relaxing)
 .debug_str     0x000c7dd9      0x333 ./Drivers/STM32L4xx_HAL_Driver/Src/stm32l4xx_hal_pwr.o
                              0xc1799 (size before relaxing)
 .debug_str     0x000c810c      0x369 ./Drivers/STM32L4xx_HAL_Driver/Src/stm32l4xx_hal_pwr_ex.o
                              0xc18f7 (size before relaxing)
 .debug_str     0x000c8475      0x38c ./Drivers/STM32L4xx_HAL_Driver/Src/stm32l4xx_hal_rcc.o
                              0xc1a4f (size before relaxing)
 .debug_str     0x000c8801      0x4f2 ./Drivers/STM32L4xx_HAL_Driver/Src/stm32l4xx_hal_rcc_ex.o
                              0xc1caf (size before relaxing)
 .debug_str     0x000c8cf3      0xe8a ./Drivers/STM32L4xx_HAL_Driver/Src/stm32l4xx_hal_tim.o
                              0xc278c (size before relaxing)
 .debug_str     0x000c9b7d      0x588 ./Drivers/STM32L4xx_HAL_Driver/Src/stm32l4xx_hal_tim_ex.o
                              0xc20a0 (size before relaxing)
 .debug_str     0x000ca105      0x8dc ./Drivers/STM32L4xx_HAL_Driver/Src/stm32l4xx_hal_uart.o
                              0xc21a7 (size before relaxing)
 .debug_str     0x000ca9e1     0x60ec ./Middlewares/Third_Party/FreeRTOS/Source/CMSIS_RTOS_V2/cmsis_os2.o
                              0xcbecc (size before relaxing)
 .debug_str     0x000d0acd      0x20f ./Middlewares/Third_Party/FreeRTOS/Source/list.o
                               0xaac1 (size before relaxing)
 .debug_str     0x000d0cdc      0x892 ./Middlewares/Third_Party/FreeRTOS/Source/queue.o
                               0xc601 (size before relaxing)
 .debug_str     0x000d156e     0x1063 ./Middlewares/Third_Party/FreeRTOS/Source/tasks.o
                               0xd0be (size before relaxing)
 .debug_str     0x000d25d1      0x5af ./Middlewares/Third_Party/FreeRTOS/Source/timers.o
                               0xcb33 (size before relaxing)
 .debug_str     0x000d2b80      0x783 ./Middlewares/Third_Party/FreeRTOS/Source/portable/GCC/ARM_CM4F/port.o
                               0x870a (size before relaxing)
 .debug_str     0x000d3303      0x324 ./Middlewares/Third_Party/FreeRTOS/Source/portable/MemMang/heap_4.o
                               0xb403 (size before relaxing)

.comment        0x00000000       0x43
 .comment       0x00000000       0x43 ./Core/Src/freertos.o
                                 0x44 (size before relaxing)
 .comment       0x00000043       0x44 ./Core/Src/gpio.o
 .comment       0x00000043       0x44 ./Core/Src/main.o
 .comment       0x00000043       0x44 ./Core/Src/stm32l4xx_hal_msp.o
 .comment       0x00000043       0x44 ./Core/Src/stm32l4xx_it.o
 .comment       0x00000043       0x44 ./Core/Src/system_stm32l4xx.o
 .comment       0x00000043       0x44 ./Core/Src/tim.o
 .comment       0x00000043       0x44 ./Core/Src/usart.o
 .comment       0x00000043       0x44 ./Drivers/STM32L4xx_HAL_Driver/Src/stm32l4xx_hal.o
 .comment       0x00000043       0x44 ./Drivers/STM32L4xx_HAL_Driver/Src/stm32l4xx_hal_cortex.o
 .comment       0x00000043       0x44 ./Drivers/STM32L4xx_HAL_Driver/Src/stm32l4xx_hal_gpio.o
 .comment       0x00000043       0x44 ./Drivers/STM32L4xx_HAL_Driver/Src/stm32l4xx_hal_pwr.o
 .comment       0x00000043       0x44 ./Drivers/STM32L4xx_HAL_Driver/Src/stm32l4xx_hal_pwr_ex.o
 .comment       0x00000043       0x44 ./Drivers/STM32L4xx_HAL_Driver/Src/stm32l4xx_hal_rcc.o
 .comment       0x00000043       0x44 ./Drivers/STM32L4xx_HAL_Driver/Src/stm32l4xx_hal_rcc_ex.o
 .comment       0x00000043       0x44 ./Drivers/STM32L4xx_HAL_Driver/Src/stm32l4xx_hal_tim.o
 .comment       0x00000043       0x44 ./Drivers/STM32L4xx_HAL_Driver/Src/stm32l4xx_hal_tim_ex.o
 .comment       0x00000043       0x44 ./Drivers/STM32L4xx_HAL_Driver/Src/stm32l4xx_hal_uart.o
 .comment       0x00000043       0x44 ./Middlewares/Third_Party/FreeRTOS/Source/CMSIS_RTOS_V2/cmsis_os2.o
 .comment       0x00000043       0x44 ./Middlewares/Third_Party/FreeRTOS/Source/list.o
 .comment       0x00000043       0x44 ./Middlewares/Third_Party/FreeRTOS/Source/queue.o
 .comment       0x00000043       0x44 ./Middlewares/Third_Party/FreeRTOS/Source/tasks.o
 .comment       0x00000043       0x44 ./Middlewares/Third_Party/FreeRTOS/Source/timers.o
 .comment       0x00000043       0x44 ./Middlewares/Third_Party/FreeRTOS/Source/portable/GCC/ARM_CM4F/port.o
 .comment       0x00000043       0x44 ./Middlewares/Third_Party/FreeRTOS/Source/portable/MemMang/heap_4.o

.debug_frame    0x00000000     0x5fcc
 .debug_frame   0x00000000       0x4c ./Core/Src/freertos.o
 .debug_frame   0x0000004c       0x34 ./Core/Src/gpio.o
 .debug_frame   0x00000080       0x8c ./Core/Src/main.o
 .debug_frame   0x0000010c       0x34 ./Core/Src/stm32l4xx_hal_msp.o
 .debug_frame   0x00000140       0xe0 ./Core/Src/stm32l4xx_it.o
 .debug_frame   0x00000220       0x58 ./Core/Src/system_stm32l4xx.o
 .debug_frame   0x00000278       0x7c ./Core/Src/tim.o
 .debug_frame   0x000002f4       0x78 ./Core/Src/usart.o
 .debug_frame   0x0000036c      0x3dc ./Drivers/STM32L4xx_HAL_Driver/Src/stm32l4xx_hal.o
 .debug_frame   0x00000748      0x498 ./Drivers/STM32L4xx_HAL_Driver/Src/stm32l4xx_hal_cortex.o
 .debug_frame   0x00000be0      0x14c ./Drivers/STM32L4xx_HAL_Driver/Src/stm32l4xx_hal_gpio.o
 .debug_frame   0x00000d2c      0x230 ./Drivers/STM32L4xx_HAL_Driver/Src/stm32l4xx_hal_pwr.o
 .debug_frame   0x00000f5c      0x4a4 ./Drivers/STM32L4xx_HAL_Driver/Src/stm32l4xx_hal_pwr_ex.o
 .debug_frame   0x00001400      0x21c ./Drivers/STM32L4xx_HAL_Driver/Src/stm32l4xx_hal_rcc.o
 .debug_frame   0x0000161c      0x3d0 ./Drivers/STM32L4xx_HAL_Driver/Src/stm32l4xx_hal_rcc_ex.o
 .debug_frame   0x000019ec     0x1218 ./Drivers/STM32L4xx_HAL_Driver/Src/stm32l4xx_hal_tim.o
 .debug_frame   0x00002c04      0x6b0 ./Drivers/STM32L4xx_HAL_Driver/Src/stm32l4xx_hal_tim_ex.o
 .debug_frame   0x000032b4      0x9f4 ./Drivers/STM32L4xx_HAL_Driver/Src/stm32l4xx_hal_uart.o
 .debug_frame   0x00003ca8      0xbc8 ./Middlewares/Third_Party/FreeRTOS/Source/CMSIS_RTOS_V2/cmsis_os2.o
 .debug_frame   0x00004870       0xd8 ./Middlewares/Third_Party/FreeRTOS/Source/list.o
 .debug_frame   0x00004948      0x5ec ./Middlewares/Third_Party/FreeRTOS/Source/queue.o
 .debug_frame   0x00004f34      0x8f0 ./Middlewares/Third_Party/FreeRTOS/Source/tasks.o
 .debug_frame   0x00005824      0x400 ./Middlewares/Third_Party/FreeRTOS/Source/timers.o
 .debug_frame   0x00005c24      0x1a8 ./Middlewares/Third_Party/FreeRTOS/Source/portable/GCC/ARM_CM4F/port.o
 .debug_frame   0x00005dcc      0x12c ./Middlewares/Third_Party/FreeRTOS/Source/portable/MemMang/heap_4.o
 .debug_frame   0x00005ef8       0x20 D:/STM32/STM32CubeIDE_1.15.1/STM32CubeIDE/plugins/com.st.stm32cube.ide.mcu.externaltools.gnu-tools-for-stm32.12.3.rel1.win32_1.0.100.202403111256/tools/bin/../lib/gcc/arm-none-eabi/12.3.1/../../../../arm-none-eabi/lib/thumb/v7e-m+fp/hard\libc_nano.a(libc_a-memset.o)
 .debug_frame   0x00005f18       0x2c D:/STM32/STM32CubeIDE_1.15.1/STM32CubeIDE/plugins/com.st.stm32cube.ide.mcu.externaltools.gnu-tools-for-stm32.12.3.rel1.win32_1.0.100.202403111256/tools/bin/../lib/gcc/arm-none-eabi/12.3.1/../../../../arm-none-eabi/lib/thumb/v7e-m+fp/hard\libc_nano.a(libc_a-init.o)
 .debug_frame   0x00005f44       0x28 D:/STM32/STM32CubeIDE_1.15.1/STM32CubeIDE/plugins/com.st.stm32cube.ide.mcu.externaltools.gnu-tools-for-stm32.12.3.rel1.win32_1.0.100.202403111256/tools/bin/../lib/gcc/arm-none-eabi/12.3.1/../../../../arm-none-eabi/lib/thumb/v7e-m+fp/hard\libc_nano.a(libc_a-memcpy-stub.o)
 .debug_frame   0x00005f6c       0x2c D:/STM32/STM32CubeIDE_1.15.1/STM32CubeIDE/plugins/com.st.stm32cube.ide.mcu.externaltools.gnu-tools-for-stm32.12.3.rel1.win32_1.0.100.202403111256/tools/bin/../lib/gcc/arm-none-eabi/12.3.1/thumb/v7e-m+fp/hard\libgcc.a(_aeabi_uldivmod.o)
 .debug_frame   0x00005f98       0x34 D:/STM32/STM32CubeIDE_1.15.1/STM32CubeIDE/plugins/com.st.stm32cube.ide.mcu.externaltools.gnu-tools-for-stm32.12.3.rel1.win32_1.0.100.202403111256/tools/bin/../lib/gcc/arm-none-eabi/12.3.1/thumb/v7e-m+fp/hard\libgcc.a(_udivmoddi4.o)

.debug_line_str
                0x00000000       0x3f
 .debug_line_str
                0x00000000       0x3f ./Core/Startup/startup_stm32l432kcux.o
